Component: ARM Compiler 5.06 (build 20) Tool: armlink [4d35a3]

==============================================================================

Section Cross References

    rtx_blinky.o(.text) refers to led_stm32f030-discovery.o(.text) for LED_GetCount
    rtx_blinky.o(.text) refers to rt_cmsis.o(i.osDelay) for osDelay
    rtx_blinky.o(.text) refers to buttons_stm32f030-discovery.o(.text) for Buttons_GetState
    rtx_blinky.o(.text) refers to rt_cmsis.o(i.osKernelInitialize) for osKernelInitialize
    rtx_blinky.o(.text) refers to system_stm32f0xx.o(.text) for SystemCoreClockUpdate
    rtx_blinky.o(.text) refers to rt_cmsis.o(i.osThreadCreate) for osThreadCreate
    rtx_blinky.o(.text) refers to rt_cmsis.o(i.osKernelStart) for osKernelStart
    rtx_blinky.o(.text) refers to rt_cmsis.o(i.osThreadGetId) for osThreadGetId
    rtx_blinky.o(.text) refers to rt_cmsis.o(i.osThreadTerminate) for osThreadTerminate
    rtx_blinky.o(.text) refers to rtx_blinky.o(.constdata) for .constdata
    rtx_blinky.o(.text) refers to rtx_blinky.o(.data) for .data
    rtx_blinky.o(.constdata) refers to rtx_blinky.o(.text) for blinkLED
    led_stm32f030-discovery.o(.text) refers to led_stm32f030-discovery.o(.constdata) for .constdata
    rtx_conf_cm.o(.ARM.Collect$$$$000000FF) refers to rt_cmsis.o(i.osKernelInitialize) for osKernelInitialize
    rtx_conf_cm.o(.ARM.Collect$$$$000000FF) refers to rt_cmsis.o(i.osThreadCreate) for osThreadCreate
    rtx_conf_cm.o(.ARM.Collect$$$$000000FF) refers to rt_cmsis.o(i.osKernelStart) for osKernelStart
    rtx_conf_cm.o(.ARM.Collect$$$$000000FF) refers to rtx_conf_cm.o(.data) for .data
    rtx_conf_cm.o(.constdata) refers to rt_cmsis.o(i.osTimerThread) for osTimerThread
    rtx_conf_cm.o(.constdata) refers to rtx_conf_cm.o(.bss) for os_messageQ_q_osTimerMessageQ
    rtx_conf_cm.o(.data) refers to rtx_blinky.o(.text) for main
    startup_stm32f030.o(RESET) refers to startup_stm32f030.o(STACK) for __initial_sp
    startup_stm32f030.o(RESET) refers to startup_stm32f030.o(.text) for Reset_Handler
    startup_stm32f030.o(RESET) refers to hal_cm0.o(.emb_text) for SVC_Handler
    startup_stm32f030.o(.text) refers to startup_stm32f030.o(STACK) for __initial_sp
    startup_stm32f030.o(.text) refers to system_stm32f0xx.o(.text) for SystemInit
    startup_stm32f030.o(.text) refers to entry.o(.ARM.Collect$$$$00000000) for __main
    system_stm32f0xx.o(.text) refers to uidiv.o(.text) for __aeabi_uidivmod
    system_stm32f0xx.o(.text) refers to system_stm32f0xx.o(.data) for .data
    rt_cmsis.o(i.isrMessageGet) refers to rt_mailbox.o(i.isr_mbx_receive) for isr_mbx_receive
    rt_cmsis.o(i.isrMessagePut) refers to rt_mailbox.o(i.rt_mbx_check) for rt_mbx_check
    rt_cmsis.o(i.isrMessagePut) refers to rt_mailbox.o(i.isr_mbx_send) for isr_mbx_send
    rt_cmsis.o(i.isrSemaphoreRelease) refers to rt_cmsis.o(i.rt_id2obj) for rt_id2obj
    rt_cmsis.o(i.isrSemaphoreRelease) refers to rt_semaphore.o(i.isr_sem_send) for isr_sem_send
    rt_cmsis.o(i.isrSignalSet) refers to rt_cmsis.o(i.rt_tid2ptcb) for rt_tid2ptcb
    rt_cmsis.o(i.isrSignalSet) refers to rt_event.o(i.isr_evt_set) for isr_evt_set
    rt_cmsis.o(i.osDelay) refers to rt_cmsis.o(i.svcDelay) for svcDelay
    rt_cmsis.o(i.osKernelInitialize) refers to rt_cmsis.o(i.svcKernelInitialize) for svcKernelInitialize
    rt_cmsis.o(i.osKernelRunning) refers to rt_cmsis.o(i.svcKernelRunning) for svcKernelRunning
    rt_cmsis.o(i.osKernelRunning) refers to rt_cmsis.o(.data) for .data
    rt_cmsis.o(i.osKernelStart) refers to rtx_conf_cm.o(.constdata) for os_flags
    rt_cmsis.o(i.osKernelStart) refers to rt_cmsis.o(i.svcKernelStart) for svcKernelStart
    rt_cmsis.o(i.osKernelSysTick) refers to rt_cmsis.o(i.svcKernelSysTick) for svcKernelSysTick
    rt_cmsis.o(i.osMailAlloc) refers to rt_cmsis.o(i.sysMailAlloc) for sysMailAlloc
    rt_cmsis.o(i.osMailCAlloc) refers to rt_cmsis.o(i.sysMailAlloc) for sysMailAlloc
    rt_cmsis.o(i.osMailCAlloc) refers to rt_cmsis.o(i.rt_clr_box) for rt_clr_box
    rt_cmsis.o(i.osMailCreate) refers to rt_cmsis.o(i.svcMailCreate) for svcMailCreate
    rt_cmsis.o(i.osMailCreate) refers to rt_cmsis.o(.data) for .data
    rt_cmsis.o(i.osMailFree) refers to rt_cmsis.o(i.sysMailFree) for sysMailFree
    rt_cmsis.o(i.osMailGet) refers to rt_cmsis.o(i.osMessageGet) for osMessageGet
    rt_cmsis.o(i.osMailPut) refers to rt_cmsis.o(i.osMessagePut) for osMessagePut
    rt_cmsis.o(i.osMessageCreate) refers to rt_cmsis.o(i.svcMessageCreate) for svcMessageCreate
    rt_cmsis.o(i.osMessageCreate) refers to rt_cmsis.o(.data) for .data
    rt_cmsis.o(i.osMessageGet) refers to rt_cmsis.o(i.isrMessageGet) for isrMessageGet
    rt_cmsis.o(i.osMessageGet) refers to rt_cmsis.o(i.svcMessageGet) for svcMessageGet
    rt_cmsis.o(i.osMessagePut) refers to rt_cmsis.o(i.isrMessagePut) for isrMessagePut
    rt_cmsis.o(i.osMessagePut) refers to rt_cmsis.o(i.svcMessagePut) for svcMessagePut
[...]
    rt_cmsis.o(i.osSemaphoreCreate) refers to rt_cmsis.o(.data) for .data
    rt_cmsis.o(i.osSemaphoreDelete) refers to rt_cmsis.o(i.svcSemaphoreDelete) for svcSemaphoreDelete
    rt_cmsis.o(i.osSemaphoreRelease) refers to rt_cmsis.o(i.isrSemaphoreRelease) for isrSemaphoreRelease
    rt_cmsis.o(i.osSemaphoreRelease) refers to rt_cmsis.o(i.svcSemaphoreRelease) for svcSemaphoreRelease
    rt_cmsis.o(i.osSemaphoreWait) refers to rt_cmsis.o(i.svcSemaphoreWait) for svcSemaphoreWait
    rt_cmsis.o(i.osSignalClear) refers to rt_cmsis.o(i.svcSignalClear) for svcSignalClear
    rt_cmsis.o(i.osSignalSet) refers to rt_cmsis.o(i.isrSignalSet) for isrSignalSet
    rt_cmsis.o(i.osSignalSet) refers to rt_cmsis.o(i.svcSignalSet) for svcSignalSet
    rt_cmsis.o(i.osSignalWait) refers to rt_cmsis.o(i.svcSignalWait) for svcSignalWait
    rt_cmsis.o(i.osThreadCreate) refers to rt_cmsis.o(i.svcThreadCreate) for svcThreadCreate
    rt_cmsis.o(i.osThreadCreate) refers to rt_cmsis.o(.data) for .data
    rt_cmsis.o(i.osThreadExit) refers to rt_cmsis.o(i.svcThreadGetId) for svcThreadGetId
    rt_cmsis.o(i.osThreadExit) refers to rt_cmsis.o(i.svcThreadTerminate) for svcThreadTerminate
    rt_cmsis.o(i.osThreadGetId) refers to rt_cmsis.o(i.svcThreadGetId) for svcThreadGetId
    rt_cmsis.o(i.osThreadGetPriority) refers to rt_cmsis.o(i.svcThreadGetPriority) for svcThreadGetPriority
    rt_cmsis.o(i.osThreadSetPriority) refers to rt_cmsis.o(i.svcThreadSetPriority) for svcThreadSetPriority
    rt_cmsis.o(i.osThreadTerminate) refers to rt_cmsis.o(i.svcThreadTerminate) for svcThreadTerminate
    rt_cmsis.o(i.osThreadYield) refers to rt_cmsis.o(i.svcThreadYield) for svcThreadYield
    rt_cmsis.o(i.osTimerCall) refers to rt_cmsis.o(i.svcTimerCall) for svcTimerCall
    rt_cmsis.o(i.osTimerCreate) refers to rt_cmsis.o(i.svcTimerCreate) for svcTimerCreate
    rt_cmsis.o(i.osTimerCreate) refers to rt_cmsis.o(.data) for .data
    rt_cmsis.o(i.osTimerDelete) refers to rt_cmsis.o(i.svcTimerDelete) for svcTimerDelete
    rt_cmsis.o(i.osTimerStart) refers to rt_cmsis.o(i.svcTimerStart) for svcTimerStart
    rt_cmsis.o(i.osTimerStop) refers to rt_cmsis.o(i.svcTimerStop) for svcTimerStop
    rt_cmsis.o(i.osTimerThread) refers to rt_cmsis.o(i.osMessageGet) for osMessageGet
    rt_cmsis.o(i.osTimerThread) refers to rt_cmsis.o(i.osTimerCall) for osTimerCall
    rt_cmsis.o(i.osTimerThread) refers to rtx_conf_cm.o(.data) for osMessageQId_osTimerMessageQ
    rt_cmsis.o(i.os_resume) refers to rt_system.o(i.rt_resume) for rt_resume
    rt_cmsis.o(i.os_suspend) refers to rt_system.o(i.rt_suspend) for rt_suspend
    rt_cmsis.o(i.rt_ms2tick) refers to uidiv.o(.text) for __aeabi_uidivmod
    rt_cmsis.o(i.rt_ms2tick) refers to rtx_conf_cm.o(.constdata) for os_clockrate
    rt_cmsis.o(i.rt_timer_insert) refers to rt_cmsis.o(.data) for .data
    rt_cmsis.o(i.rt_timer_remove) refers to rt_cmsis.o(.data) for .data
    rt_cmsis.o(i.svcDelay) refers to rt_cmsis.o(i.rt_ms2tick) for rt_ms2tick
    rt_cmsis.o(i.svcDelay) refers to rt_time.o(i.rt_dly_wait) for rt_dly_wait
    rt_cmsis.o(i.svcKernelInitialize) refers to rt_memory.o(i.rt_init_mem) for rt_init_mem
    rt_cmsis.o(i.svcKernelInitialize) refers to rt_task.o(i.rt_sys_init) for rt_sys_init
    rt_cmsis.o(i.svcKernelInitialize) refers to rt_cmsis.o(i.svcMessageCreate) for svcMessageCreate
    rt_cmsis.o(i.svcKernelInitialize) refers to rt_cmsis.o(i.svcThreadCreate) for svcThreadCreate
    rt_cmsis.o(i.svcKernelInitialize) refers to rt_cmsis.o(.data) for .data
    rt_cmsis.o(i.svcKernelInitialize) refers to rtx_conf_cm.o(.bss) for os_stack_mem
    rt_cmsis.o(i.svcKernelInitialize) refers to rtx_conf_cm.o(.constdata) for os_stack_sz
    rt_cmsis.o(i.svcKernelInitialize) refers to rt_task.o(.data) for os_tsk
    rt_cmsis.o(i.svcKernelInitialize) refers to rtx_conf_cm.o(.constdata) for os_messageQ_def_osTimerMessageQ
    rt_cmsis.o(i.svcKernelInitialize) refers to rtx_conf_cm.o(.data) for osMessageQId_osTimerMessageQ
    rt_cmsis.o(i.svcKernelInitialize) refers to rtx_conf_cm.o(.constdata) for os_thread_def_osTimerThread
    rt_cmsis.o(i.svcKernelInitialize) refers to rtx_conf_cm.o(.data) for osThreadId_osTimerThread
    rt_cmsis.o(i.svcKernelRunning) refers to rt_cmsis.o(.data) for .data
    rt_cmsis.o(i.svcKernelStart) refers to rt_task.o(i.rt_tsk_prio) for rt_tsk_prio
    rt_cmsis.o(i.svcKernelStart) refers to rt_task.o(i.rt_sys_start) for rt_sys_start
    rt_cmsis.o(i.svcKernelStart) refers to rt_cmsis.o(.data) for .data
    rt_cmsis.o(i.svcKernelStart) refers to rt_task.o(.data) for os_tsk
    rt_cmsis.o(i.svcKernelSysTick) refers to rt_system.o(i.os_tick_val) for os_tick_val
    rt_cmsis.o(i.svcKernelSysTick) refers to rt_system.o(i.os_tick_ovf) for os_tick_ovf
    rt_cmsis.o(i.svcKernelSysTick) refers to rtx_conf_cm.o(.constdata) for os_trv
    rt_cmsis.o(i.svcKernelSysTick) refers to rt_time.o(.data) for os_time
    rt_cmsis.o(i.svcMailCreate) refers to rt_membox.o(i._init_box) for _init_box
    rt_cmsis.o(i.svcMailCreate) refers to rt_mailbox.o(i.rt_mbx_init) for rt_mbx_init
    rt_cmsis.o(i.svcMessageCreate) refers to rt_mailbox.o(i.rt_mbx_init) for rt_mbx_init
    rt_cmsis.o(i.svcMessageGet) refers to rt_cmsis.o(i.rt_ms2tick) for rt_ms2tick
    rt_cmsis.o(i.svcMessageGet) refers to rt_mailbox.o(i.rt_mbx_wait) for rt_mbx_wait
    rt_cmsis.o(i.svcMessagePut) refers to rt_cmsis.o(i.rt_ms2tick) for rt_ms2tick
    rt_cmsis.o(i.svcMessagePut) refers to rt_mailbox.o(i.rt_mbx_send) for rt_mbx_send
    rt_cmsis.o(i.svcMutexCreate) refers to rt_mutex.o(i.rt_mut_init) for rt_mut_init
    rt_cmsis.o(i.svcMutexDelete) refers to rt_cmsis.o(i.rt_id2obj) for rt_id2obj
    rt_cmsis.o(i.svcMutexDelete) refers to rt_mutex.o(i.rt_mut_delete) for rt_mut_delete
    rt_cmsis.o(i.svcMutexRelease) refers to rt_cmsis.o(i.rt_id2obj) for rt_id2obj
    rt_cmsis.o(i.svcMutexRelease) refers to rt_mutex.o(i.rt_mut_release) for rt_mut_release
    rt_cmsis.o(i.svcMutexWait) refers to rt_cmsis.o(i.rt_id2obj) for rt_id2obj
    rt_cmsis.o(i.svcMutexWait) refers to rt_cmsis.o(i.rt_ms2tick) for rt_ms2tick
    rt_cmsis.o(i.svcMutexWait) refers to rt_mutex.o(i.rt_mut_wait) for rt_mut_wait
    rt_cmsis.o(i.svcPoolCreate) refers to rt_membox.o(i._init_box) for _init_box
    rt_cmsis.o(i.svcSemaphoreCreate) refers to rt_semaphore.o(i.rt_sem_init) for rt_sem_init
    rt_cmsis.o(i.svcSemaphoreDelete) refers to rt_cmsis.o(i.rt_id2obj) for rt_id2obj
    rt_cmsis.o(i.svcSemaphoreDelete) refers to rt_semaphore.o(i.rt_sem_delete) for rt_sem_delete
    rt_cmsis.o(i.svcSemaphoreRelease) refers to rt_cmsis.o(i.rt_id2obj) for rt_id2obj
    rt_cmsis.o(i.svcSemaphoreRelease) refers to rt_semaphore.o(i.rt_sem_send) for rt_sem_send
    rt_cmsis.o(i.svcSemaphoreWait) refers to rt_cmsis.o(i.rt_id2obj) for rt_id2obj
    rt_cmsis.o(i.svcSemaphoreWait) refers to rt_cmsis.o(i.rt_ms2tick) for rt_ms2tick
    rt_cmsis.o(i.svcSemaphoreWait) refers to rt_semaphore.o(i.rt_sem_wait) for rt_sem_wait
    rt_cmsis.o(i.svcSignalClear) refers to rt_cmsis.o(i.rt_tid2ptcb) for rt_tid2ptcb
    rt_cmsis.o(i.svcSignalClear) refers to rt_event.o(i.rt_evt_clr) for rt_evt_clr
    rt_cmsis.o(i.svcSignalSet) refers to rt_cmsis.o(i.rt_tid2ptcb) for rt_tid2ptcb
    rt_cmsis.o(i.svcSignalSet) refers to rt_event.o(i.rt_evt_set) for rt_evt_set
    rt_cmsis.o(i.svcSignalWait) refers to rt_cmsis.o(i.rt_ms2tick) for rt_ms2tick
    rt_cmsis.o(i.svcSignalWait) refers to rt_event.o(i.rt_evt_wait) for rt_evt_wait
    rt_cmsis.o(i.svcSignalWait) refers to rt_task.o(.data) for os_tsk
    rt_cmsis.o(i.svcThreadCreate) refers to rt_memory.o(i.rt_alloc_mem) for rt_alloc_mem
    rt_cmsis.o(i.svcThreadCreate) refers to rt_task.o(i.rt_tsk_create) for rt_tsk_create
    rt_cmsis.o(i.svcThreadCreate) refers to rt_memory.o(i.rt_free_mem) for rt_free_mem
    rt_cmsis.o(i.svcThreadCreate) refers to rtx_conf_cm.o(.bss) for os_stack_mem
    rt_cmsis.o(i.svcThreadCreate) refers to rtx_conf_cm.o(.bss) for os_active_TCB
    rt_cmsis.o(i.svcThreadCreate) refers to rt_cmsis.o(i.osThreadExit) for osThreadExit
    rt_cmsis.o(i.svcThreadGetId) refers to rt_task.o(i.rt_tsk_self) for rt_tsk_self
    rt_cmsis.o(i.svcThreadGetId) refers to rtx_conf_cm.o(.bss) for os_active_TCB
    rt_cmsis.o(i.svcThreadGetPriority) refers to rt_cmsis.o(i.rt_tid2ptcb) for rt_tid2ptcb
    rt_cmsis.o(i.svcThreadSetPriority) refers to rt_cmsis.o(i.rt_tid2ptcb) for rt_tid2ptcb
    rt_cmsis.o(i.svcThreadSetPriority) refers to rt_task.o(i.rt_tsk_prio) for rt_tsk_prio
    rt_cmsis.o(i.svcThreadTerminate) refers to rt_cmsis.o(i.rt_tid2ptcb) for rt_tid2ptcb
    rt_cmsis.o(i.svcThreadTerminate) refers to rt_task.o(i.rt_tsk_delete) for rt_tsk_delete
    rt_cmsis.o(i.svcThreadTerminate) refers to rt_memory.o(i.rt_free_mem) for rt_free_mem
    rt_cmsis.o(i.svcThreadTerminate) refers to rtx_conf_cm.o(.bss) for os_stack_mem
    rt_cmsis.o(i.svcThreadYield) refers to rt_task.o(i.rt_tsk_pass) for rt_tsk_pass
    rt_cmsis.o(i.svcTimerCall) refers to rt_cmsis.o(i.rt_id2obj) for rt_id2obj
    rt_cmsis.o(i.svcTimerCreate) refers to rtx_conf_cm.o(.data) for osThreadId_osTimerThread
    rt_cmsis.o(i.svcTimerDelete) refers to rt_cmsis.o(i.rt_id2obj) for rt_id2obj
    rt_cmsis.o(i.svcTimerDelete) refers to rt_cmsis.o(i.rt_timer_remove) for rt_timer_remove
    rt_cmsis.o(i.svcTimerStart) refers to rt_cmsis.o(i.rt_id2obj) for rt_id2obj
    rt_cmsis.o(i.svcTimerStart) refers to rt_cmsis.o(i.__ARM_common_ll_muluu) for __ARM_common_ll_muluu
    rt_cmsis.o(i.svcTimerStart) refers to uldiv.o(.text) for __aeabi_uldivmod
    rt_cmsis.o(i.svcTimerStart) refers to rt_cmsis.o(i.rt_timer_remove) for rt_timer_remove
    rt_cmsis.o(i.svcTimerStart) refers to rt_cmsis.o(i.rt_timer_insert) for rt_timer_insert
    rt_cmsis.o(i.svcTimerStart) refers to rtx_conf_cm.o(.constdata) for os_clockrate
    rt_cmsis.o(i.svcTimerStop) refers to rt_cmsis.o(i.rt_id2obj) for rt_id2obj
    rt_cmsis.o(i.svcTimerStop) refers to rt_cmsis.o(i.rt_timer_remove) for rt_timer_remove
    rt_cmsis.o(i.sysMailAlloc) refers to rt_membox.o(i.rt_alloc_box) for rt_alloc_box
    rt_cmsis.o(i.sysMailAlloc) refers to rt_list.o(i.rt_put_prio) for rt_put_prio
    rt_cmsis.o(i.sysMailAlloc) refers to rt_cmsis.o(i.rt_ms2tick) for rt_ms2tick
    rt_cmsis.o(i.sysMailAlloc) refers to rt_task.o(i.rt_block) for rt_block
    rt_cmsis.o(i.sysMailAlloc) refers to rt_task.o(.data) for os_tsk
    rt_cmsis.o(i.sysMailFree) refers to rt_membox.o(i.rt_free_box) for rt_free_box
    rt_cmsis.o(i.sysMailFree) refers to rt_list.o(i.rt_psq_enq) for rt_psq_enq
    rt_cmsis.o(i.sysMailFree) refers to rt_system.o(i.rt_psh_req) for rt_psh_req
    rt_cmsis.o(i.sysMailFree) refers to rt_membox.o(i.rt_alloc_box) for rt_alloc_box
    rt_cmsis.o(i.sysMailFree) refers to rt_list.o(i.rt_get_first) for rt_get_first
    rt_cmsis.o(i.sysMailFree) refers to hal_cm.o(i.rt_ret_val) for rt_ret_val
    rt_cmsis.o(i.sysMailFree) refers to rt_list.o(i.rt_rmv_dly) for rt_rmv_dly
    rt_cmsis.o(i.sysMailFree) refers to rt_task.o(i.rt_dispatch) for rt_dispatch
    rt_cmsis.o(i.sysPoolAlloc) refers to rt_membox.o(i.rt_alloc_box) for rt_alloc_box
    rt_cmsis.o(i.sysPoolFree) refers to rt_membox.o(i.rt_free_box) for rt_free_box
    rt_cmsis.o(i.sysTimerTick) refers to rt_cmsis.o(i.isrMessagePut) for isrMessagePut
    rt_cmsis.o(i.sysTimerTick) refers to rtx_conf_cm.o(.text) for os_error
    rt_cmsis.o(i.sysTimerTick) refers to rt_cmsis.o(i.rt_timer_insert) for rt_timer_insert
    rt_cmsis.o(i.sysTimerTick) refers to rt_cmsis.o(.data) for .data
    rt_cmsis.o(i.sysTimerTick) refers to rtx_conf_cm.o(.data) for osMessageQId_osTimerMessageQ
    rt_cmsis.o(i.sysUserTimerUpdate) refers to rt_cmsis.o(i.sysTimerTick) for sysTimerTick
    rt_cmsis.o(i.sysUserTimerUpdate) refers to rt_cmsis.o(.data) for .data
    rt_cmsis.o(i.sysUserTimerWakeupTime) refers to rt_cmsis.o(.data) for .data
    rt_task.o(i.rt_block) refers to rt_list.o(i.rt_put_dly) for rt_put_dly
    rt_task.o(i.rt_block) refers to rt_list.o(i.rt_get_first) for rt_get_first
    rt_task.o(i.rt_block) refers to rt_task.o(i.rt_switch_req) for rt_switch_req
    rt_task.o(i.rt_block) refers to rt_task.o(.data) for .data
    rt_task.o(i.rt_block) refers to rt_list.o(.bss) for os_rdy
    rt_task.o(i.rt_dispatch) refers to rt_list.o(i.rt_put_rdy_first) for rt_put_rdy_first
    rt_task.o(i.rt_dispatch) refers to rt_task.o(i.rt_switch_req) for rt_switch_req
    rt_task.o(i.rt_dispatch) refers to rt_list.o(i.rt_get_first) for rt_get_first
    rt_task.o(i.rt_dispatch) refers to rt_list.o(i.rt_put_prio) for rt_put_prio
    rt_task.o(i.rt_dispatch) refers to rt_task.o(.data) for .data
    rt_task.o(i.rt_dispatch) refers to rt_list.o(.bss) for os_rdy
    rt_task.o(i.rt_init_context) refers to rt_membox.o(i.rt_alloc_box) for rt_alloc_box
    rt_task.o(i.rt_init_context) refers to hal_cm.o(i.rt_init_stack) for rt_init_stack
    rt_task.o(i.rt_init_context) refers to rtx_conf_cm.o(.bss) for mp_stk
    rt_task.o(i.rt_switch_req) refers to rt_task.o(.data) for .data
    rt_task.o(i.rt_sys_init) refers to rt_membox.o(i._init_box) for _init_box
    rt_task.o(i.rt_sys_init) refers to rt_task.o(i.rt_init_context) for rt_init_context
    rt_task.o(i.rt_sys_init) refers to rt_robin.o(i.rt_init_robin) for rt_init_robin
    rt_task.o(i.rt_sys_init) refers to rtx_conf_cm.o(.bss) for os_active_TCB
    rt_task.o(i.rt_sys_init) refers to rtx_conf_cm.o(.constdata) for os_maxtaskrun
    rt_task.o(i.rt_sys_init) refers to rtx_conf_cm.o(.constdata) for mp_tcb_size
    rt_task.o(i.rt_sys_init) refers to rtx_conf_cm.o(.bss) for mp_tcb
    rt_task.o(i.rt_sys_init) refers to rtx_conf_cm.o(.constdata) for os_stackinfo
    rt_task.o(i.rt_sys_init) refers to rtx_conf_cm.o(.constdata) for mp_stk_size
    rt_task.o(i.rt_sys_init) refers to rtx_conf_cm.o(.bss) for mp_stk
    rt_task.o(i.rt_sys_init) refers to rtx_conf_cm.o(.constdata) for mp_tmr_size
    rt_task.o(i.rt_sys_init) refers to rtx_conf_cm.o(.data) for m_tmr
    rt_task.o(i.rt_sys_init) refers to rt_task.o(.bss) for .bss
    rt_task.o(i.rt_sys_init) refers to rtx_conf_cm.o(.text) for os_idle_demon
    rt_task.o(i.rt_sys_init) refers to rt_list.o(.bss) for os_rdy
    rt_task.o(i.rt_sys_init) refers to rt_task.o(.data) for .data
    rt_task.o(i.rt_sys_init) refers to rtx_conf_cm.o(.bss) for os_fifo
    rt_task.o(i.rt_sys_init) refers to rtx_conf_cm.o(.constdata) for os_fifo_size
    rt_task.o(i.rt_sys_start) refers to rt_system.o(i.os_tick_init) for os_tick_init
    rt_task.o(i.rt_sys_start) refers to rt_system.o(.data) for os_tick_irqn
    rt_task.o(i.rt_tsk_create) refers to rt_membox.o(i.rt_alloc_box) for rt_alloc_box
    rt_task.o(i.rt_tsk_create) refers to rt_task.o(i.rt_init_context) for rt_init_context
    rt_task.o(i.rt_tsk_create) refers to rt_task.o(i.rt_dispatch) for rt_dispatch
    rt_task.o(i.rt_tsk_create) refers to rtx_conf_cm.o(.bss) for mp_tcb
    rt_task.o(i.rt_tsk_create) refers to rtx_conf_cm.o(.bss) for os_active_TCB
    rt_task.o(i.rt_tsk_create) refers to rtx_conf_cm.o(.constdata) for os_maxtaskrun
    rt_task.o(i.rt_tsk_delete) refers to hal_cm0.o(.emb_text) for rt_get_PSP
    rt_task.o(i.rt_tsk_delete) refers to rt_system.o(i.rt_stk_check) for rt_stk_check
    rt_task.o(i.rt_tsk_delete) refers to rt_list.o(i.rt_get_first) for rt_get_first
    rt_task.o(i.rt_tsk_delete) refers to hal_cm.o(i.rt_ret_val) for rt_ret_val
    rt_task.o(i.rt_tsk_delete) refers to rt_list.o(i.rt_rmv_dly) for rt_rmv_dly
    rt_task.o(i.rt_tsk_delete) refers to rt_list.o(i.rt_put_prio) for rt_put_prio
    rt_task.o(i.rt_tsk_delete) refers to rt_membox.o(i.rt_free_box) for rt_free_box
    rt_task.o(i.rt_tsk_delete) refers to rt_list.o(i.rt_rmv_list) for rt_rmv_list
    rt_task.o(i.rt_tsk_delete) refers to rt_task.o(i.rt_dispatch) for rt_dispatch
    rt_task.o(i.rt_tsk_delete) refers to rt_task.o(.data) for .data
    rt_task.o(i.rt_tsk_delete) refers to rt_list.o(.bss) for os_rdy
    rt_task.o(i.rt_tsk_delete) refers to rtx_conf_cm.o(.bss) for os_active_TCB
    rt_task.o(i.rt_tsk_delete) refers to rtx_conf_cm.o(.bss) for mp_stk
    rt_task.o(i.rt_tsk_delete) refers to rtx_conf_cm.o(.bss) for mp_tcb
    rt_task.o(i.rt_tsk_delete) refers to rtx_conf_cm.o(.constdata) for os_maxtaskrun
    rt_task.o(i.rt_tsk_pass) refers to rt_list.o(i.rt_get_same_rdy_prio) for rt_get_same_rdy_prio
    rt_task.o(i.rt_tsk_pass) refers to rt_list.o(i.rt_put_prio) for rt_put_prio
    rt_task.o(i.rt_tsk_pass) refers to rt_task.o(i.rt_switch_req) for rt_switch_req
    rt_task.o(i.rt_tsk_pass) refers to rt_task.o(.data) for .data
    rt_task.o(i.rt_tsk_pass) refers to rt_list.o(.bss) for os_rdy
    rt_task.o(i.rt_tsk_prio) refers to rt_list.o(i.rt_put_prio) for rt_put_prio
    rt_task.o(i.rt_tsk_prio) refers to rt_list.o(i.rt_resort_prio) for rt_resort_prio
    rt_task.o(i.rt_tsk_prio) refers to rt_list.o(i.rt_get_first) for rt_get_first
    rt_task.o(i.rt_tsk_prio) refers to rt_task.o(i.rt_dispatch) for rt_dispatch
    rt_task.o(i.rt_tsk_prio) refers to rt_task.o(.data) for .data
    rt_task.o(i.rt_tsk_prio) refers to rtx_conf_cm.o(.constdata) for os_maxtaskrun
    rt_task.o(i.rt_tsk_prio) refers to rtx_conf_cm.o(.bss) for os_active_TCB
    rt_task.o(i.rt_tsk_prio) refers to rt_list.o(.bss) for os_rdy
    rt_task.o(i.rt_tsk_self) refers to rt_task.o(.data) for .data
    rt_system.o(i.os_tick_init) refers to rtx_conf_cm.o(.constdata) for os_trv
    rt_system.o(i.os_tick_val) refers to rtx_conf_cm.o(.constdata) for os_trv
    rt_system.o(i.rt_pop_req) refers to rt_list.o(i.rt_put_rdy_first) for rt_put_rdy_first
    rt_system.o(i.rt_pop_req) refers to rt_semaphore.o(i.rt_sem_psh) for rt_sem_psh
    rt_system.o(i.rt_pop_req) refers to rt_list.o(i.rt_get_first) for rt_get_first
    rt_system.o(i.rt_pop_req) refers to rt_task.o(i.rt_switch_req) for rt_switch_req
    rt_system.o(i.rt_pop_req) refers to rt_event.o(i.rt_evt_psh) for rt_evt_psh
    rt_system.o(i.rt_pop_req) refers to rt_mailbox.o(i.rt_mbx_psh) for rt_mbx_psh
    rt_system.o(i.rt_pop_req) refers to rt_task.o(.data) for os_tsk
    rt_system.o(i.rt_pop_req) refers to rtx_conf_cm.o(.bss) for os_fifo
    rt_system.o(i.rt_pop_req) refers to rt_list.o(.bss) for os_rdy
    rt_system.o(i.rt_psh_req) refers to rt_system.o(.data) for .data
    rt_system.o(i.rt_resume) refers to rt_list.o(i.rt_put_rdy_first) for rt_put_rdy_first
    rt_system.o(i.rt_resume) refers to rt_list.o(i.rt_dec_dly) for rt_dec_dly
    rt_system.o(i.rt_resume) refers to rt_cmsis.o(i.sysUserTimerUpdate) for sysUserTimerUpdate
    rt_system.o(i.rt_resume) refers to rt_list.o(i.rt_get_first) for rt_get_first
    rt_system.o(i.rt_resume) refers to rt_task.o(i.rt_switch_req) for rt_switch_req
    rt_system.o(i.rt_resume) refers to rt_system.o(i.rt_tsk_unlock) for rt_tsk_unlock
    rt_system.o(i.rt_resume) refers to rt_task.o(.data) for os_tsk
    rt_system.o(i.rt_resume) refers to rt_robin.o(.data) for os_robin
    rt_system.o(i.rt_resume) refers to rt_list.o(.bss) for os_dly
    rt_system.o(i.rt_resume) refers to rt_time.o(.data) for os_time
    rt_system.o(i.rt_stk_check) refers to rtx_conf_cm.o(.text) for os_error
    rt_system.o(i.rt_stk_check) refers to rt_task.o(.data) for os_tsk
    rt_system.o(i.rt_suspend) refers to rt_system.o(i.rt_tsk_lock) for rt_tsk_lock
    rt_system.o(i.rt_suspend) refers to rt_cmsis.o(i.sysUserTimerWakeupTime) for sysUserTimerWakeupTime
    rt_system.o(i.rt_suspend) refers to rt_list.o(.bss) for os_dly
    rt_system.o(i.rt_systick) refers to rt_list.o(i.rt_put_rdy_first) for rt_put_rdy_first
    rt_system.o(i.rt_systick) refers to rt_robin.o(i.rt_chk_robin) for rt_chk_robin
    rt_system.o(i.rt_systick) refers to rt_list.o(i.rt_dec_dly) for rt_dec_dly
    rt_system.o(i.rt_systick) refers to rt_cmsis.o(i.sysTimerTick) for sysTimerTick
    rt_system.o(i.rt_systick) refers to rt_list.o(i.rt_get_first) for rt_get_first
    rt_system.o(i.rt_systick) refers to rt_task.o(i.rt_switch_req) for rt_switch_req
    rt_system.o(i.rt_systick) refers to rt_task.o(.data) for os_tsk
    rt_system.o(i.rt_systick) refers to rt_time.o(.data) for os_time
    rt_system.o(i.rt_systick) refers to rt_list.o(.bss) for os_rdy
    rt_system.o(i.rt_tsk_lock) refers to rt_system.o(.data) for .data
    rt_system.o(i.rt_tsk_unlock) refers to rt_system.o(.data) for .data
    rt_event.o(i.isr_evt_set) refers to rt_list.o(i.rt_psq_enq) for rt_psq_enq
    rt_event.o(i.isr_evt_set) refers to rt_system.o(i.rt_psh_req) for rt_psh_req
    rt_event.o(i.isr_evt_set) refers to rtx_conf_cm.o(.bss) for os_active_TCB
    rt_event.o(i.rt_evt_clr) refers to rtx_conf_cm.o(.bss) for os_active_TCB
    rt_event.o(i.rt_evt_get) refers to rt_task.o(.data) for os_tsk
    rt_event.o(i.rt_evt_psh) refers to rt_list.o(i.rt_rmv_dly) for rt_rmv_dly
    rt_event.o(i.rt_evt_psh) refers to hal_cm.o(i.rt_ret_val2) for rt_ret_val2
    rt_event.o(i.rt_evt_psh) refers to rt_list.o(i.rt_put_prio) for rt_put_prio
    rt_event.o(i.rt_evt_psh) refers to rt_list.o(.bss) for os_rdy
    rt_event.o(i.rt_evt_set) refers to rt_list.o(i.rt_rmv_dly) for rt_rmv_dly
    rt_event.o(i.rt_evt_set) refers to hal_cm.o(i.rt_ret_val2) for rt_ret_val2
    rt_event.o(i.rt_evt_set) refers to rt_task.o(i.rt_dispatch) for rt_dispatch
    rt_event.o(i.rt_evt_set) refers to rtx_conf_cm.o(.bss) for os_active_TCB
    rt_event.o(i.rt_evt_wait) refers to rt_task.o(i.rt_block) for rt_block
    rt_event.o(i.rt_evt_wait) refers to rt_task.o(.data) for os_tsk
    rt_list.o(i.rt_dec_dly) refers to rt_list.o(i.rt_put_prio) for rt_put_prio
    rt_list.o(i.rt_dec_dly) refers to rt_list.o(.bss) for .bss
    rt_list.o(i.rt_dec_dly) refers to rt_time.o(.data) for os_time
    rt_list.o(i.rt_get_same_rdy_prio) refers to rt_list.o(.bss) for .bss
    rt_list.o(i.rt_get_same_rdy_prio) refers to rt_task.o(.data) for os_tsk
    rt_list.o(i.rt_psq_enq) refers to rtx_conf_cm.o(.text) for os_error
    rt_list.o(i.rt_psq_enq) refers to rtx_conf_cm.o(.bss) for os_fifo
    rt_list.o(i.rt_put_dly) refers to rt_list.o(.bss) for .bss
    rt_list.o(i.rt_put_rdy_first) refers to rt_list.o(.bss) for .bss
    rt_list.o(i.rt_resort_prio) refers to rt_list.o(i.rt_rmv_list) for rt_rmv_list
    rt_list.o(i.rt_resort_prio) refers to rt_list.o(i.rt_put_prio) for rt_put_prio
    rt_list.o(i.rt_resort_prio) refers to rt_list.o(.bss) for .bss
    rt_list.o(i.rt_rmv_list) refers to rt_list.o(.bss) for .bss
    rt_mailbox.o(i.isr_mbx_receive) refers to rt_list.o(i.rt_psq_enq) for rt_psq_enq
    rt_mailbox.o(i.isr_mbx_receive) refers to rt_system.o(i.rt_psh_req) for rt_psh_req
    rt_mailbox.o(i.isr_mbx_send) refers to rt_list.o(i.rt_psq_enq) for rt_psq_enq
    rt_mailbox.o(i.isr_mbx_send) refers to rt_system.o(i.rt_psh_req) for rt_psh_req
    rt_mailbox.o(i.rt_mbx_psh) refers to rt_membox.o(i.rt_alloc_box) for rt_alloc_box
    rt_mailbox.o(i.rt_mbx_psh) refers to rt_list.o(i.rt_get_first) for rt_get_first
    rt_mailbox.o(i.rt_mbx_psh) refers to hal_cm.o(i.rt_ret_val) for rt_ret_val
    rt_mailbox.o(i.rt_mbx_psh) refers to rt_list.o(i.rt_rmv_dly) for rt_rmv_dly
    rt_mailbox.o(i.rt_mbx_psh) refers to rt_list.o(i.rt_put_prio) for rt_put_prio
    rt_mailbox.o(i.rt_mbx_psh) refers to hal_cm.o(i.rt_ret_val2) for rt_ret_val2
    rt_mailbox.o(i.rt_mbx_psh) refers to rtx_conf_cm.o(.text) for os_error
    rt_mailbox.o(i.rt_mbx_psh) refers to rt_list.o(.bss) for os_rdy
    rt_mailbox.o(i.rt_mbx_send) refers to rt_list.o(i.rt_put_prio) for rt_put_prio
    rt_mailbox.o(i.rt_mbx_send) refers to rt_list.o(i.rt_get_first) for rt_get_first
    rt_mailbox.o(i.rt_mbx_send) refers to hal_cm.o(i.rt_ret_val2) for rt_ret_val2
    rt_mailbox.o(i.rt_mbx_send) refers to rt_list.o(i.rt_rmv_dly) for rt_rmv_dly
    rt_mailbox.o(i.rt_mbx_send) refers to rt_task.o(i.rt_dispatch) for rt_dispatch
    rt_mailbox.o(i.rt_mbx_send) refers to rt_task.o(i.rt_block) for rt_block
    rt_mailbox.o(i.rt_mbx_send) refers to rt_task.o(.data) for os_tsk
    rt_mailbox.o(i.rt_mbx_wait) refers to rt_list.o(i.rt_get_first) for rt_get_first
    rt_mailbox.o(i.rt_mbx_wait) refers to hal_cm.o(i.rt_ret_val) for rt_ret_val
    rt_mailbox.o(i.rt_mbx_wait) refers to rt_list.o(i.rt_rmv_dly) for rt_rmv_dly
    rt_mailbox.o(i.rt_mbx_wait) refers to rt_task.o(i.rt_dispatch) for rt_dispatch
    rt_mailbox.o(i.rt_mbx_wait) refers to rt_list.o(i.rt_put_prio) for rt_put_prio
    rt_mailbox.o(i.rt_mbx_wait) refers to rt_task.o(i.rt_block) for rt_block
    rt_mailbox.o(i.rt_mbx_wait) refers to rt_task.o(.data) for os_tsk
    rt_semaphore.o(i.isr_sem_send) refers to rt_list.o(i.rt_psq_enq) for rt_psq_enq
    rt_semaphore.o(i.isr_sem_send) refers to rt_system.o(i.rt_psh_req) for rt_psh_req
    rt_semaphore.o(i.rt_sem_delete) refers to rt_list.o(i.rt_get_first) for rt_get_first
    rt_semaphore.o(i.rt_sem_delete) refers to hal_cm.o(i.rt_ret_val) for rt_ret_val
    rt_semaphore.o(i.rt_sem_delete) refers to rt_list.o(i.rt_rmv_dly) for rt_rmv_dly
    rt_semaphore.o(i.rt_sem_delete) refers to rt_list.o(i.rt_put_prio) for rt_put_prio
    rt_semaphore.o(i.rt_sem_delete) refers to rt_task.o(i.rt_dispatch) for rt_dispatch
    rt_semaphore.o(i.rt_sem_delete) refers to rt_list.o(.bss) for os_rdy
    rt_semaphore.o(i.rt_sem_delete) refers to rt_task.o(.data) for os_tsk
    rt_semaphore.o(i.rt_sem_psh) refers to rt_list.o(i.rt_get_first) for rt_get_first
    rt_semaphore.o(i.rt_sem_psh) refers to rt_list.o(i.rt_rmv_dly) for rt_rmv_dly
    rt_semaphore.o(i.rt_sem_psh) refers to hal_cm.o(i.rt_ret_val) for rt_ret_val
    rt_semaphore.o(i.rt_sem_psh) refers to rt_list.o(i.rt_put_prio) for rt_put_prio
    rt_semaphore.o(i.rt_sem_psh) refers to rt_list.o(.bss) for os_rdy
    rt_semaphore.o(i.rt_sem_send) refers to rt_list.o(i.rt_get_first) for rt_get_first
    rt_semaphore.o(i.rt_sem_send) refers to hal_cm.o(i.rt_ret_val) for rt_ret_val
    rt_semaphore.o(i.rt_sem_send) refers to rt_list.o(i.rt_rmv_dly) for rt_rmv_dly
    rt_semaphore.o(i.rt_sem_send) refers to rt_task.o(i.rt_dispatch) for rt_dispatch
    rt_semaphore.o(i.rt_sem_wait) refers to rt_list.o(i.rt_put_prio) for rt_put_prio
    rt_semaphore.o(i.rt_sem_wait) refers to rt_task.o(i.rt_block) for rt_block
    rt_semaphore.o(i.rt_sem_wait) refers to rt_task.o(.data) for os_tsk
    rt_time.o(i.rt_dly_wait) refers to rt_task.o(i.rt_block) for rt_block
    rt_time.o(i.rt_itv_set) refers to rt_task.o(.data) for os_tsk
    rt_time.o(i.rt_itv_set) refers to rt_time.o(.data) for .data
    rt_time.o(i.rt_itv_wait) refers to rt_task.o(i.rt_block) for rt_block
    rt_time.o(i.rt_itv_wait) refers to rt_task.o(.data) for os_tsk
    rt_time.o(i.rt_itv_wait) refers to rt_time.o(.data) for .data
    rt_time.o(i.rt_time_get) refers to rt_time.o(.data) for .data
    rt_mutex.o(i.rt_mut_delete) refers to rt_list.o(i.rt_resort_prio) for rt_resort_prio
    rt_mutex.o(i.rt_mut_delete) refers to rt_list.o(i.rt_get_first) for rt_get_first
    rt_mutex.o(i.rt_mut_delete) refers to hal_cm.o(i.rt_ret_val) for rt_ret_val
    rt_mutex.o(i.rt_mut_delete) refers to rt_list.o(i.rt_rmv_dly) for rt_rmv_dly
    rt_mutex.o(i.rt_mut_delete) refers to rt_list.o(i.rt_put_prio) for rt_put_prio
    rt_mutex.o(i.rt_mut_delete) refers to rt_task.o(i.rt_dispatch) for rt_dispatch
    rt_mutex.o(i.rt_mut_delete) refers to rt_task.o(.data) for os_tsk
    rt_mutex.o(i.rt_mut_delete) refers to rt_list.o(.bss) for os_rdy
    rt_mutex.o(i.rt_mut_release) refers to rt_list.o(i.rt_get_first) for rt_get_first
    rt_mutex.o(i.rt_mut_release) refers to hal_cm.o(i.rt_ret_val) for rt_ret_val
    rt_mutex.o(i.rt_mut_release) refers to rt_list.o(i.rt_rmv_dly) for rt_rmv_dly
    rt_mutex.o(i.rt_mut_release) refers to rt_list.o(i.rt_put_prio) for rt_put_prio
    rt_mutex.o(i.rt_mut_release) refers to rt_task.o(i.rt_dispatch) for rt_dispatch
    rt_mutex.o(i.rt_mut_release) refers to rt_task.o(.data) for os_tsk
    rt_mutex.o(i.rt_mut_release) refers to rt_list.o(.bss) for os_rdy
    rt_mutex.o(i.rt_mut_wait) refers to rt_list.o(i.rt_resort_prio) for rt_resort_prio
    rt_mutex.o(i.rt_mut_wait) refers to rt_list.o(i.rt_put_prio) for rt_put_prio
    rt_mutex.o(i.rt_mut_wait) refers to rt_task.o(i.rt_block) for rt_block
    rt_mutex.o(i.rt_mut_wait) refers to rt_task.o(.data) for os_tsk
    rt_membox.o(i._calloc_box) refers to hal_cm0.o(.emb_text) for _alloc_box
    hal_cm.o(i.rt_init_stack) refers to rtx_conf_cm.o(.constdata) for os_stackinfo
    rt_robin.o(i.rt_chk_robin) refers to rt_list.o(i.rt_get_first) for rt_get_first
    rt_robin.o(i.rt_chk_robin) refers to rt_list.o(i.rt_put_prio) for rt_put_prio
    rt_robin.o(i.rt_chk_robin) refers to rt_robin.o(.data) for .data
    rt_robin.o(i.rt_chk_robin) refers to rt_list.o(.bss) for os_rdy
    rt_robin.o(i.rt_chk_robin) refers to rt_time.o(.data) for os_time
    rt_robin.o(i.rt_init_robin) refers to rt_robin.o(.data) for .data
    rt_robin.o(i.rt_init_robin) refers to rtx_conf_cm.o(.constdata) for os_rrobin
    hal_cm0.o(.emb_text) refers to rtx_conf_cm.o(.constdata) for os_flags
    hal_cm0.o(.emb_text) refers to rt_membox.o(i.rt_alloc_box) for rt_alloc_box
    hal_cm0.o(.emb_text) refers to rt_membox.o(i.rt_free_box) for rt_free_box
    hal_cm0.o(.emb_text) refers to rt_system.o(i.rt_stk_check) for rt_stk_check
    hal_cm0.o(.emb_text) refers to rt_task.o(.data) for os_tsk
    hal_cm0.o(.emb_text) refers to svc_table.o(SVC_TABLE) for SVC_Count
    hal_cm0.o(.emb_text) refers to rt_system.o(i.rt_pop_req) for rt_pop_req
    hal_cm0.o(.emb_text) refers to rt_system.o(i.rt_systick) for rt_systick
    hal_cm0.o(.emb_text) refers to rt_system.o(i.os_tick_irqack) for os_tick_irqack
    entry.o(.ARM.Collect$$$$00000000) refers (Special) to entry10a.o(.ARM.Collect$$$$0000000D) for __rt_final_cpp
    entry.o(.ARM.Collect$$$$00000000) refers (Special) to entry11a.o(.ARM.Collect$$$$0000000F) for __rt_final_exit
    entry.o(.ARM.Collect$$$$00000000) refers (Special) to entry7b.o(.ARM.Collect$$$$00000008) for _main_clock
    entry.o(.ARM.Collect$$$$00000000) refers (Special) to entry8b.o(.ARM.Collect$$$$0000000A) for _main_cpp_init
    entry.o(.ARM.Collect$$$$00000000) refers (Special) to rtx_conf_cm.o(.ARM.Collect$$$$000000FF) for _main_init
    entry.o(.ARM.Collect$$$$00000000) refers (Special) to entry5.o(.ARM.Collect$$$$00000004) for _main_scatterload
    entry.o(.ARM.Collect$$$$00000000) refers (Special) to entry2.o(.ARM.Collect$$$$00000001) for _main_stk
    uldiv.o(.text) refers to llushr.o(.text) for __aeabi_llsr
    uldiv.o(.text) refers to llshl.o(.text) for __aeabi_llsl
    entry2.o(.ARM.Collect$$$$00000001) refers to entry2.o(.ARM.Collect$$$$00002712) for __lit__00000000
    entry2.o(.ARM.Collect$$$$00002712) refers to startup_stm32f030.o(STACK) for __initial_sp
    entry2.o(__vectab_stack_and_reset_area) refers to startup_stm32f030.o(STACK) for __initial_sp
    entry2.o(__vectab_stack_and_reset_area) refers to entry.o(.ARM.Collect$$$$00000000) for __main
    entry5.o(.ARM.Collect$$$$00000004) refers to init.o(.text) for __scatterload
    init.o(.text) refers to entry5.o(.ARM.Collect$$$$00000004) for __main_after_scatterload


==============================================================================

Removing Unused input sections from the image.

    Removing rtx_blinky.o(.rev16_text), (4 bytes).
    Removing rtx_blinky.o(.revsh_text), (4 bytes).
    Removing buttons_stm32f030-discovery.o(.rev16_text), (4 bytes).
    Removing buttons_stm32f030-discovery.o(.revsh_text), (4 bytes).
    Removing led_stm32f030-discovery.o(.rev16_text), (4 bytes).
    Removing led_stm32f030-discovery.o(.revsh_text), (4 bytes).
    Removing rtx_conf_cm.o(.constdata), (4 bytes).
    Removing rtx_conf_cm.o(.constdata), (2 bytes).
    Removing rtx_conf_cm.o(.constdata), (2 bytes).
    Removing rtx_conf_cm.o(.data), (4 bytes).
    Removing startup_stm32f030.o(HEAP), (512 bytes).
    Removing system_stm32f0xx.o(.rev16_text), (4 bytes).
    Removing system_stm32f0xx.o(.revsh_text), (4 bytes).
    Removing rt_cmsis.o(.rev16_text), (4 bytes).
    Removing rt_cmsis.o(.revsh_text), (4 bytes).
    Removing rt_cmsis.o(i.isrSemaphoreRelease), (44 bytes).
    Removing rt_cmsis.o(i.isrSignalSet), (38 bytes).
    Removing rt_cmsis.o(i.osKernelRunning), (40 bytes).
    Removing rt_cmsis.o(i.osKernelSysTick), (28 bytes).
    Removing rt_cmsis.o(i.osMailAlloc), (32 bytes).
    Removing rt_cmsis.o(i.osMailCAlloc), (52 bytes).
    Removing rt_cmsis.o(i.osMailCreate), (52 bytes).
    Removing rt_cmsis.o(i.osMailFree), (32 bytes).
    Removing rt_cmsis.o(i.osMailGet), (24 bytes).
    Removing rt_cmsis.o(i.osMailPut), (28 bytes).
    Removing rt_cmsis.o(i.osMessageCreate), (52 bytes).
    Removing rt_cmsis.o(i.osMessagePut), (28 bytes).
    Removing rt_cmsis.o(i.osMutexCreate), (52 bytes).
    Removing rt_cmsis.o(i.osMutexDelete), (28 bytes).
    Removing rt_cmsis.o(i.osMutexRelease), (28 bytes).
    Removing rt_cmsis.o(i.osMutexWait), (28 bytes).
    Removing rt_cmsis.o(i.osPoolAlloc), (36 bytes).
    Removing rt_cmsis.o(i.osPoolCAlloc), (56 bytes).
    Removing rt_cmsis.o(i.osPoolCreate), (52 bytes).
    Removing rt_cmsis.o(i.osPoolFree), (36 bytes).
    Removing rt_cmsis.o(i.osSemaphoreCreate), (52 bytes).
    Removing rt_cmsis.o(i.osSemaphoreDelete), (28 bytes).
    Removing rt_cmsis.o(i.osSemaphoreRelease), (28 bytes).
    Removing rt_cmsis.o(i.osSemaphoreWait), (28 bytes).
    Removing rt_cmsis.o(i.osSignalClear), (28 bytes).
    Removing rt_cmsis.o(i.osSignalSet), (28 bytes).
    Removing rt_cmsis.o(i.osSignalWait), (28 bytes).
    Removing rt_cmsis.o(i.osThreadGetPriority), (28 bytes).
    Removing rt_cmsis.o(i.osThreadSetPriority), (28 bytes).
    Removing rt_cmsis.o(i.osThreadYield), (28 bytes).
    Removing rt_cmsis.o(i.osTimerCreate), (52 bytes).
    Removing rt_cmsis.o(i.osTimerDelete), (28 bytes).
    Removing rt_cmsis.o(i.osTimerStart), (28 bytes).
    Removing rt_cmsis.o(i.osTimerStop), (28 bytes).
    Removing rt_cmsis.o(i.osWait), (4 bytes).
    Removing rt_cmsis.o(i.os_resume), (16 bytes).
    Removing rt_cmsis.o(i.os_suspend), (16 bytes).
    Removing rt_cmsis.o(i.rt_clr_box), (26 bytes).
    Removing rt_cmsis.o(i.rt_timer_remove), (68 bytes).
    Removing rt_cmsis.o(i.svcKernelRunning), (12 bytes).
    Removing rt_cmsis.o(i.svcKernelSysTick), (56 bytes).
    Removing rt_cmsis.o(i.svcMailCreate), (78 bytes).
    Removing rt_cmsis.o(i.svcMessagePut), (56 bytes).
    Removing rt_cmsis.o(i.svcMutexCreate), (32 bytes).
    Removing rt_cmsis.o(i.svcMutexDelete), (28 bytes).
    Removing rt_cmsis.o(i.svcMutexRelease), (36 bytes).
    Removing rt_cmsis.o(i.svcMutexWait), (56 bytes).
    Removing rt_cmsis.o(i.svcPoolCreate), (46 bytes).
    Removing rt_cmsis.o(i.svcSemaphoreCreate), (44 bytes).
    Removing rt_cmsis.o(i.svcSemaphoreDelete), (28 bytes).
    Removing rt_cmsis.o(i.svcSemaphoreRelease), (44 bytes).
    Removing rt_cmsis.o(i.svcSemaphoreWait), (52 bytes).
    Removing rt_cmsis.o(i.svcSignalClear), (38 bytes).
    Removing rt_cmsis.o(i.svcSignalSet), (38 bytes).
    Removing rt_cmsis.o(i.svcSignalWait), (92 bytes).
    Removing rt_cmsis.o(i.svcThreadGetPriority), (20 bytes).
    Removing rt_cmsis.o(i.svcThreadSetPriority), (48 bytes).
    Removing rt_cmsis.o(i.svcThreadYield), (10 bytes).
    Removing rt_cmsis.o(i.svcTimerCreate), (64 bytes).
    Removing rt_cmsis.o(i.svcTimerDelete), (40 bytes).
    Removing rt_cmsis.o(i.svcTimerStart), (108 bytes).
    Removing rt_cmsis.o(i.svcTimerStop), (38 bytes).
    Removing rt_cmsis.o(i.sysMailAlloc), (100 bytes).
    Removing rt_cmsis.o(i.sysMailFree), (106 bytes).
    Removing rt_cmsis.o(i.sysPoolAlloc), (12 bytes).
    Removing rt_cmsis.o(i.sysPoolFree), (22 bytes).
    Removing rt_cmsis.o(i.sysUserTimerUpdate), (48 bytes).
    Removing rt_cmsis.o(i.sysUserTimerWakeupTime), (24 bytes).
    Removing rt_task.o(i.rt_tsk_pass), (44 bytes).
    Removing rt_system.o(.emb_text), (0 bytes).
    Removing rt_system.o(i.os_tick_ovf), (16 bytes).
    Removing rt_system.o(i.os_tick_val), (20 bytes).
    Removing rt_system.o(i.rt_resume), (136 bytes).
    Removing rt_system.o(i.rt_suspend), (40 bytes).
    Removing rt_system.o(i.rt_tsk_lock), (84 bytes).
    Removing rt_system.o(i.rt_tsk_unlock), (84 bytes).
    Removing rt_event.o(i.isr_evt_set), (36 bytes).
    Removing rt_event.o(i.rt_evt_clr), (28 bytes).
    Removing rt_event.o(i.rt_evt_get), (12 bytes).
    Removing rt_event.o(i.rt_evt_set), (92 bytes).
    Removing rt_event.o(i.rt_evt_wait), (64 bytes).
    Removing rt_list.o(i.rt_get_same_rdy_prio), (36 bytes).
    Removing rt_mailbox.o(i.rt_mbx_send), (148 bytes).
    Removing rt_semaphore.o(i.isr_sem_send), (14 bytes).
    Removing rt_semaphore.o(i.rt_sem_delete), (96 bytes).
    Removing rt_semaphore.o(i.rt_sem_init), (12 bytes).
    Removing rt_semaphore.o(i.rt_sem_send), (44 bytes).
    Removing rt_semaphore.o(i.rt_sem_wait), (68 bytes).
    Removing rt_time.o(i.rt_itv_set), (24 bytes).
    Removing rt_time.o(i.rt_itv_wait), (44 bytes).
    Removing rt_time.o(i.rt_time_get), (12 bytes).
    Removing rt_mutex.o(i.rt_mut_delete), (180 bytes).
    Removing rt_mutex.o(i.rt_mut_init), (16 bytes).
    Removing rt_mutex.o(i.rt_mut_release), (216 bytes).
    Removing rt_mutex.o(i.rt_mut_wait), (112 bytes).
    Removing rt_membox.o(i._calloc_box), (32 bytes).
    Removing rt_cmsis.o(i.__ARM_common_ll_muluu), (48 bytes).

112 unused section(s) (total 5034 bytes) removed from the image.

==============================================================================

Image Symbol Table

    Local Symbols

    Symbol Name                              Value     Ov Type        Size  Object(Section)

    ../clib/microlib/division.c              0x00000000   Number         0  uidiv.o ABSOLUTE
    ../clib/microlib/division.c              0x00000000   Number         0  uldiv.o ABSOLUTE
    ../clib/microlib/init/entry.s            0x00000000   Number         0  entry.o ABSOLUTE
    ../clib/microlib/init/entry.s            0x00000000   Number         0  entry8b.o ABSOLUTE
    ../clib/microlib/init/entry.s            0x00000000   Number         0  entry10a.o ABSOLUTE
    ../clib/microlib/init/entry.s            0x00000000   Number         0  entry2.o ABSOLUTE
    ../clib/microlib/init/entry.s            0x00000000   Number         0  entry10b.o ABSOLUTE
    ../clib/microlib/init/entry.s            0x00000000   Number         0  entry11a.o ABSOLUTE
    ../clib/microlib/init/entry.s            0x00000000   Number         0  entry5.o ABSOLUTE
    ../clib/microlib/init/entry.s            0x00000000   Number         0  entry11b.o ABSOLUTE
    ../clib/microlib/init/entry.s            0x00000000   Number         0  entry7a.o ABSOLUTE
    ../clib/microlib/init/entry.s            0x00000000   Number         0  entry7b.o ABSOLUTE
    ../clib/microlib/init/entry.s            0x00000000   Number         0  entry8a.o ABSOLUTE
    ../clib/microlib/longlong.c              0x00000000   Number         0  llshl.o ABSOLUTE
    ../clib/microlib/longlong.c              0x00000000   Number         0  llushr.o ABSOLUTE
    ..\HAL_CM.c                              0x00000000   Number         0  hal_cm.o ABSOLUTE
    ..\\rt_CMSIS.c                           0x00000000   Number         0  rt_cmsis.o ABSOLUTE
    ..\\rt_System.c                          0x00000000   Number         0  rt_system.o ABSOLUTE
    ..\rt_CMSIS.c                            0x00000000   Number         0  rt_cmsis.o ABSOLUTE
    ..\rt_Event.c                            0x00000000   Number         0  rt_event.o ABSOLUTE
    ..\rt_List.c                             0x00000000   Number         0  rt_list.o ABSOLUTE
    ..\rt_Mailbox.c                          0x00000000   Number         0  rt_mailbox.o ABSOLUTE
    ..\rt_MemBox.c                           0x00000000   Number         0  rt_membox.o ABSOLUTE
    ..\rt_Memory.c                           0x00000000   Number         0  rt_memory.o ABSOLUTE
    ..\rt_Mutex.c                            0x00000000   Number         0  rt_mutex.o ABSOLUTE
    ..\rt_Robin.c                            0x00000000   Number         0  rt_robin.o ABSOLUTE
    ..\rt_Semaphore.c                        0x00000000   Number         0  rt_semaphore.o ABSOLUTE
    ..\rt_System.c                           0x00000000   Number         0  rt_system.o ABSOLUTE
    ..\rt_Task.c                             0x00000000   Number         0  rt_task.o ABSOLUTE
    ..\rt_Time.c                             0x00000000   Number         0  rt_time.o ABSOLUTE
    C:\Keil_v5\ARM\PACK\Keil\STM32F0xx_DFP\1.4.0\Boards\ST\STM32F030-Discovery\Common\Buttons_STM32F030-Discovery.c 0x00000000   Number         0  buttons_stm32f030-discovery.o ABSOLUTE
    C:\Keil_v5\ARM\PACK\Keil\STM32F0xx_DFP\1.4.0\Boards\ST\STM32F030-Discovery\Common\LED_STM32F030-Discovery.c 0x00000000   Number         0  led_stm32f030-discovery.o ABSOLUTE
    C:\\Keil_v5\\ARM\\PACK\\Keil\\STM32F0xx_DFP\\1.4.0\\Boards\\ST\\STM32F030-Discovery\\Common\\Buttons_STM32F030-Discovery.c 0x00000000   Number         0  buttons_stm32f030-discovery.o ABSOLUTE
    C:\\Keil_v5\\ARM\\PACK\\Keil\\STM32F0xx_DFP\\1.4.0\\Boards\\ST\\STM32F030-Discovery\\Common\\LED_STM32F030-Discovery.c 0x00000000   Number         0  led_stm32f030-discovery.o ABSOLUTE
    HAL_CM0.c                                0x00000000   Number         0  hal_cm0.o ABSOLUTE
    HAL_CM0.c                                0x00000000   Number         0  hal_cm0.o ABSOLUTE
    RTE\CMSIS\RTX_Conf_CM.c                  0x00000000   Number         0  rtx_conf_cm.o ABSOLUTE
    RTE\Device\STM32F030R8\startup_stm32f030.s 0x00000000   Number         0  startup_stm32f030.o ABSOLUTE
    RTE\Device\STM32F030R8\system_stm32f0xx.c 0x00000000   Number         0  system_stm32f0xx.o ABSOLUTE
    RTE\\Device\\STM32F030R8\\system_stm32f0xx.c 0x00000000   Number         0  system_stm32f0xx.o ABSOLUTE
    RTX_Blinky.c                             0x00000000   Number         0  rtx_blinky.o ABSOLUTE
    RTX_Blinky.c                             0x00000000   Number         0  rtx_blinky.o ABSOLUTE
    SVC_Table.s                              0x00000000   Number         0  svc_table.o ABSOLUTE
    dc.s                                     0x00000000   Number         0  dc.o ABSOLUTE
    handlers.s                               0x00000000   Number         0  handlers.o ABSOLUTE
    init.s                                   0x00000000   Number         0  init.o ABSOLUTE
    RESET                                    0x08000000   Section      180  startup_stm32f030.o(RESET)
    .ARM.Collect$$$$00000000                 0x080000b4   Section        0  entry.o(.ARM.Collect$$$$00000000)
    .ARM.Collect$$$$00000001                 0x080000b4   Section        4  entry2.o(.ARM.Collect$$$$00000001)
    .ARM.Collect$$$$00000004                 0x080000b8   Section        4  entry5.o(.ARM.Collect$$$$00000004)
    .ARM.Collect$$$$00000008                 0x080000bc   Section        0  entry7b.o(.ARM.Collect$$$$00000008)
    .ARM.Collect$$$$0000000A                 0x080000bc   Section        0  entry8b.o(.ARM.Collect$$$$0000000A)
    .ARM.Collect$$$$0000000D                 0x080000bc   Section        0  entry10a.o(.ARM.Collect$$$$0000000D)
    .ARM.Collect$$$$0000000F                 0x080000bc   Section        0  entry11a.o(.ARM.Collect$$$$0000000F)
    .ARM.Collect$$$$000000FF                 0x080000bc   Section        0  rtx_conf_cm.o(.ARM.Collect$$$$000000FF)
    .ARM.Collect$$$$00002712                 0x080000d4   Section        4  entry2.o(.ARM.Collect$$$$00002712)
    __lit__00000000                          0x080000d4   Data           4  entry2.o(.ARM.Collect$$$$00002712)
    .emb_text                                0x080000d8   Section      356  hal_cm0.o(.emb_text)
    .text                                    0x0800023c   Section        0  rtx_blinky.o(.text)
    .text                                    0x08000344   Section        0  buttons_stm32f030-discovery.o(.text)
    .text                                    0x08000398   Section        0  led_stm32f030-discovery.o(.text)
    .text                                    0x0800044c   Section        0  rtx_conf_cm.o(.text)
    .text                                    0x08000450   Section       88  startup_stm32f030.o(.text)
    .text                                    0x080004a8   Section        0  system_stm32f0xx.o(.text)
    SetSysClock                              0x08000557   Thumb Code   142  system_stm32f0xx.o(.text)
    .text                                    0x08000600   Section        0  uidiv.o(.text)
    .text                                    0x0800062c   Section       36  init.o(.text)
    SVC_TABLE                                0x08000650   Section        4  svc_table.o(SVC_TABLE)
    i.__scatterload_copy                     0x08000654   Section       14  handlers.o(i.__scatterload_copy)
    i.__scatterload_null                     0x08000662   Section        2  handlers.o(i.__scatterload_null)
    i.__scatterload_zeroinit                 0x08000664   Section       14  handlers.o(i.__scatterload_zeroinit)
    i._init_box                              0x08000672   Section        0  rt_membox.o(i._init_box)
    i.isrMessageGet                          0x080006ba   Section        0  rt_cmsis.o(i.isrMessageGet)
    i.isrMessagePut                          0x080006e8   Section        0  rt_cmsis.o(i.isrMessagePut)
    i.isr_mbx_receive                        0x08000718   Section        0  rt_mailbox.o(i.isr_mbx_receive)
    i.isr_mbx_send                           0x0800075e   Section        0  rt_mailbox.o(i.isr_mbx_send)
    i.osDelay                                0x0800076c   Section        0  rt_cmsis.o(i.osDelay)
    i.osKernelInitialize                     0x08000788   Section        0  rt_cmsis.o(i.osKernelInitialize)
    i.osKernelStart                          0x080007b0   Section        0  rt_cmsis.o(i.osKernelStart)
    i.osMessageGet                           0x0800081c   Section        0  rt_cmsis.o(i.osMessageGet)
    i.osThreadCreate                         0x08000838   Section        0  rt_cmsis.o(i.osThreadCreate)
    i.osThreadExit                           0x0800086c   Section        0  rt_cmsis.o(i.osThreadExit)
    i.osThreadGetId                          0x08000884   Section        0  rt_cmsis.o(i.osThreadGetId)
    i.osThreadTerminate                      0x080008a0   Section        0  rt_cmsis.o(i.osThreadTerminate)
    i.osTimerCall                            0x080008bc   Section        0  rt_cmsis.o(i.osTimerCall)
    i.osTimerThread                          0x080008cc   Section        0  rt_cmsis.o(i.osTimerThread)
    i.os_tick_init                           0x080008f8   Section        0  rt_system.o(i.os_tick_init)
    i.os_tick_irqack                         0x08000924   Section        0  rt_system.o(i.os_tick_irqack)
    i.rt_alloc_box                           0x08000926   Section        0  rt_membox.o(i.rt_alloc_box)
    i.rt_alloc_mem                           0x08000944   Section        0  rt_memory.o(i.rt_alloc_mem)
    i.rt_block                               0x08000988   Section        0  rt_task.o(i.rt_block)
    i.rt_chk_robin                           0x080009c0   Section        0  rt_robin.o(i.rt_chk_robin)
    i.rt_dec_dly                             0x08000a04   Section        0  rt_list.o(i.rt_dec_dly)
    i.rt_dispatch                            0x08000a78   Section        0  rt_task.o(i.rt_dispatch)
    i.rt_dly_wait                            0x08000ab8   Section        0  rt_time.o(i.rt_dly_wait)
    i.rt_evt_psh                             0x08000ac4   Section        0  rt_event.o(i.rt_evt_psh)
    i.rt_free_box                            0x08000b14   Section        0  rt_membox.o(i.rt_free_box)
    i.rt_free_mem                            0x08000b3a   Section        0  rt_memory.o(i.rt_free_mem)
    i.rt_get_first                           0x08000b6a   Section        0  rt_list.o(i.rt_get_first)
    i.rt_id2obj                              0x08000b94   Section        0  rt_cmsis.o(i.rt_id2obj)
    rt_id2obj                                0x08000b95   Thumb Code     8  rt_cmsis.o(i.rt_id2obj)
    i.rt_init_context                        0x08000b9c   Section        0  rt_task.o(i.rt_init_context)
    rt_init_context                          0x08000b9d   Thumb Code    66  rt_task.o(i.rt_init_context)
    i.rt_init_mem                            0x08000be4   Section        0  rt_memory.o(i.rt_init_mem)
    i.rt_init_robin                          0x08000c00   Section        0  rt_robin.o(i.rt_init_robin)
    i.rt_init_stack                          0x08000c18   Section        0  hal_cm.o(i.rt_init_stack)
    i.rt_mbx_check                           0x08000c90   Section        0  rt_mailbox.o(i.rt_mbx_check)
    i.rt_mbx_init                            0x08000c98   Section        0  rt_mailbox.o(i.rt_mbx_init)
    i.rt_mbx_psh                             0x08000cbc   Section        0  rt_mailbox.o(i.rt_mbx_psh)
    i.rt_mbx_wait                            0x08000d8c   Section        0  rt_mailbox.o(i.rt_mbx_wait)
    i.rt_ms2tick                             0x08000e3c   Section        0  rt_cmsis.o(i.rt_ms2tick)
    rt_ms2tick                               0x08000e3d   Thumb Code    58  rt_cmsis.o(i.rt_ms2tick)
    i.rt_pop_req                             0x08000e84   Section        0  rt_system.o(i.rt_pop_req)
    i.rt_psh_req                             0x08000ef4   Section        0  rt_system.o(i.rt_psh_req)
    i.rt_psq_enq                             0x08000f14   Section        0  rt_list.o(i.rt_psq_enq)
    i.rt_put_dly                             0x08000f54   Section        0  rt_list.o(i.rt_put_dly)
    i.rt_put_prio                            0x08000fa4   Section        0  rt_list.o(i.rt_put_prio)
    i.rt_put_rdy_first                       0x08000fe0   Section        0  rt_list.o(i.rt_put_rdy_first)
    i.rt_resort_prio                         0x08000ff4   Section        0  rt_list.o(i.rt_resort_prio)
    i.rt_ret_val                             0x08001024   Section        0  hal_cm.o(i.rt_ret_val)
    i.rt_ret_val2                            0x0800102a   Section        0  hal_cm.o(i.rt_ret_val2)
    i.rt_rmv_dly                             0x08001032   Section        0  rt_list.o(i.rt_rmv_dly)
    i.rt_rmv_list                            0x0800105c   Section        0  rt_list.o(i.rt_rmv_list)
    i.rt_sem_psh                             0x08001090   Section        0  rt_semaphore.o(i.rt_sem_psh)
    i.rt_stk_check                           0x080010c4   Section        0  rt_system.o(i.rt_stk_check)
    i.rt_switch_req                          0x080010ec   Section        0  rt_task.o(i.rt_switch_req)
    i.rt_sys_init                            0x080010fc   Section        0  rt_task.o(i.rt_sys_init)
    i.rt_sys_start                           0x080011c4   Section        0  rt_task.o(i.rt_sys_start)
    i.rt_systick                             0x08001228   Section        0  rt_system.o(i.rt_systick)
    i.rt_tid2ptcb                            0x08001264   Section        0  rt_cmsis.o(i.rt_tid2ptcb)
    rt_tid2ptcb                              0x08001265   Thumb Code    18  rt_cmsis.o(i.rt_tid2ptcb)
    i.rt_timer_insert                        0x08001278   Section        0  rt_cmsis.o(i.rt_timer_insert)
    rt_timer_insert                          0x08001279   Thumb Code    52  rt_cmsis.o(i.rt_timer_insert)
    i.rt_tsk_create                          0x080012b0   Section        0  rt_task.o(i.rt_tsk_create)
    i.rt_tsk_delete                          0x08001328   Section        0  rt_task.o(i.rt_tsk_delete)
    i.rt_tsk_prio                            0x08001464   Section        0  rt_task.o(i.rt_tsk_prio)
    i.rt_tsk_self                            0x080014e4   Section        0  rt_task.o(i.rt_tsk_self)
    i.svcDelay                               0x080014f4   Section        0  rt_cmsis.o(i.svcDelay)
    i.svcKernelInitialize                    0x08001508   Section        0  rt_cmsis.o(i.svcKernelInitialize)
    i.svcKernelStart                         0x08001580   Section        0  rt_cmsis.o(i.svcKernelStart)
    i.svcMessageCreate                       0x080015cc   Section        0  rt_cmsis.o(i.svcMessageCreate)
    i.svcMessageGet                          0x080015f6   Section        0  rt_cmsis.o(i.svcMessageGet)
    i.svcThreadCreate                        0x08001634   Section        0  rt_cmsis.o(i.svcThreadCreate)
    i.svcThreadGetId                         0x080016ac   Section        0  rt_cmsis.o(i.svcThreadGetId)
    i.svcThreadTerminate                     0x080016c8   Section        0  rt_cmsis.o(i.svcThreadTerminate)
    i.svcTimerCall                           0x08001704   Section        0  rt_cmsis.o(i.svcTimerCall)
    i.sysTimerTick                           0x08001720   Section        0  rt_cmsis.o(i.sysTimerTick)
    .constdata                               0x08001778   Section       16  rtx_blinky.o(.constdata)
    .constdata                               0x08001788   Section        8  led_stm32f030-discovery.o(.constdata)
    .constdata                               0x08001790   Section        2  rtx_conf_cm.o(.constdata)
    .constdata                               0x08001794   Section        4  rtx_conf_cm.o(.constdata)
    .constdata                               0x08001798   Section        4  rtx_conf_cm.o(.constdata)
    .constdata                               0x0800179c   Section        4  rtx_conf_cm.o(.constdata)
    .constdata                               0x080017a0   Section        1  rtx_conf_cm.o(.constdata)
    .constdata                               0x080017a4   Section       16  rtx_conf_cm.o(.constdata)
    __tagsym$$used                           0x080017a4   Number         0  rtx_conf_cm.o(.constdata)
    __tagsym$$used                           0x080017a8   Number         0  rtx_conf_cm.o(.constdata)
    __tagsym$$used                           0x080017ac   Number         0  rtx_conf_cm.o(.constdata)
    __tagsym$$used                           0x080017b0   Number         0  rtx_conf_cm.o(.constdata)
    .constdata                               0x080017b4   Section        2  rtx_conf_cm.o(.constdata)
    .constdata                               0x080017b8   Section        4  rtx_conf_cm.o(.constdata)
    .constdata                               0x080017bc   Section        4  rtx_conf_cm.o(.constdata)
    .constdata                               0x080017c0   Section        1  rtx_conf_cm.o(.constdata)
    .constdata                               0x080017c4   Section       16  rtx_conf_cm.o(.constdata)
    .constdata                               0x080017d4   Section        8  rtx_conf_cm.o(.constdata)
    .constdata                               0x080017dc   Section        2  rtx_conf_cm.o(.constdata)
    .data                                    0x20000000   Section        4  rtx_blinky.o(.data)
    .data                                    0x20000004   Section        4  rtx_conf_cm.o(.data)
    .data                                    0x20000008   Section       16  rtx_conf_cm.o(.data)
    .data                                    0x20000018   Section        4  rtx_conf_cm.o(.data)
    .data                                    0x2000001c   Section        4  rtx_conf_cm.o(.data)
    .data                                    0x20000020   Section       20  system_stm32f0xx.o(.data)
    .data                                    0x20000034   Section        8  rt_cmsis.o(.data)
    .data                                    0x2000003c   Section        8  rt_task.o(.data)
    .data                                    0x20000044   Section        8  rt_system.o(.data)
    os_lock                                  0x20000044   Data           1  rt_system.o(.data)
    os_psh_flag                              0x20000045   Data           1  rt_system.o(.data)
    pend_flags                               0x20000046   Data           1  rt_system.o(.data)
    .data                                    0x2000004c   Section        4  rt_time.o(.data)
    .data                                    0x20000050   Section        8  rt_robin.o(.data)
    .bss                                     0x20000058   Section       32  rtx_conf_cm.o(.bss)
    .bss                                     0x20000078   Section      168  rtx_conf_cm.o(.bss)
    .bss                                     0x20000120   Section      416  rtx_conf_cm.o(.bss)
    .bss                                     0x200002c0   Section      432  rtx_conf_cm.o(.bss)
    .bss                                     0x20000470   Section      132  rtx_conf_cm.o(.bss)
    .bss                                     0x200004f4   Section       12  rtx_conf_cm.o(.bss)
    .bss                                     0x20000500   Section       52  rt_task.o(.bss)
    .bss                                     0x20000534   Section       48  rt_list.o(.bss)
    STACK                                    0x20000568   Section     1024  startup_stm32f030.o(STACK)

    Global Symbols

    Symbol Name                              Value     Ov Type        Size  Object(Section)

    BuildAttributes$$THM_ISAv3M$S$PE$A:L22$X:L11$S22$IEEE1$IW$USESV6$~STKCKD$USESV7$~SHL$OSPACE$EBA8$MICROLIB$REQ8$PRES8$EABIv2 0x00000000   Number         0  anon$$obj.o ABSOLUTE
    __ARM_use_no_argv                        0x00000000   Number         0  rtx_blinky.o ABSOLUTE
    __cpp_initialize__aeabi_                  - Undefined Weak Reference
    __cxa_finalize                            - Undefined Weak Reference
    __decompress                              - Undefined Weak Reference
    _clock_init                               - Undefined Weak Reference
    _microlib_exit                            - Undefined Weak Reference
    __Vectors_Size                           0x000000b4   Number         0  startup_stm32f030.o ABSOLUTE
    __RL_RTX_VER                             0x00000479   Number         0  rt_system.o ABSOLUTE
    __Vectors                                0x08000000   Data           4  startup_stm32f030.o(RESET)
    __Vectors_End                            0x080000b4   Data           0  startup_stm32f030.o(RESET)
    __main                                   0x080000b5   Thumb Code     0  entry.o(.ARM.Collect$$$$00000000)
    _main_stk                                0x080000b5   Thumb Code     0  entry2.o(.ARM.Collect$$$$00000001)
    _main_scatterload                        0x080000b9   Thumb Code     0  entry5.o(.ARM.Collect$$$$00000004)
    __main_after_scatterload                 0x080000bd   Thumb Code     0  entry5.o(.ARM.Collect$$$$00000004)
    __rt_final_cpp                           0x080000bd   Thumb Code     0  entry10a.o(.ARM.Collect$$$$0000000D)
    __rt_final_exit                          0x080000bd   Thumb Code     0  entry11a.o(.ARM.Collect$$$$0000000F)
    _main_clock                              0x080000bd   Thumb Code     0  entry7b.o(.ARM.Collect$$$$00000008)
    _main_cpp_init                           0x080000bd   Thumb Code     0  entry8b.o(.ARM.Collect$$$$0000000A)
    _main_init                               0x080000bd   Thumb Code    18  rtx_conf_cm.o(.ARM.Collect$$$$000000FF)
    rt_set_PSP                               0x080000d9   Thumb Code     6  hal_cm0.o(.emb_text)
    rt_get_PSP                               0x080000df   Thumb Code     6  hal_cm0.o(.emb_text)
    os_set_env                               0x080000e5   Thumb Code    32  hal_cm0.o(.emb_text)
    _alloc_box                               0x08000109   Thumb Code    28  hal_cm0.o(.emb_text)
    _free_box                                0x08000129   Thumb Code    28  hal_cm0.o(.emb_text)
    SVC_Handler                              0x08000149   Thumb Code   136  hal_cm0.o(.emb_text)
    PendSV_Handler                           0x080001dd   Thumb Code    72  hal_cm0.o(.emb_text)
    SysTick_Handler                          0x08000229   Thumb Code     8  hal_cm0.o(.emb_text)
    OS_Tick_Handler                          0x08000231   Thumb Code    12  hal_cm0.o(.emb_text)
    SystemCoreClockConfigure                 0x0800023d   Thumb Code   122  rtx_blinky.o(.text)
    blinkLED                                 0x080002b7   Thumb Code    76  rtx_blinky.o(.text)
    main                                     0x08000303   Thumb Code    50  rtx_blinky.o(.text)
    Buttons_Initialize                       0x08000345   Thumb Code    44  buttons_stm32f030-discovery.o(.text)
    Buttons_Uninitialize                     0x08000371   Thumb Code    16  buttons_stm32f030-discovery.o(.text)
    Buttons_GetState                         0x08000381   Thumb Code    16  buttons_stm32f030-discovery.o(.text)
    Buttons_GetCount                         0x08000391   Thumb Code     4  buttons_stm32f030-discovery.o(.text)
    LED_Off                                  0x08000399   Thumb Code    24  led_stm32f030-discovery.o(.text)
    LED_On                                   0x080003b1   Thumb Code    22  led_stm32f030-discovery.o(.text)
    LED_SetOut                               0x080003c7   Thumb Code    38  led_stm32f030-discovery.o(.text)
    LED_Initialize                           0x080003ed   Thumb Code    74  led_stm32f030-discovery.o(.text)
    LED_Uninitialize                         0x08000437   Thumb Code     4  led_stm32f030-discovery.o(.text)
    LED_GetCount                             0x0800043b   Thumb Code     4  led_stm32f030-discovery.o(.text)
    os_idle_demon                            0x0800044d   Thumb Code     2  rtx_conf_cm.o(.text)
    os_error                                 0x0800044f   Thumb Code     2  rtx_conf_cm.o(.text)
    Reset_Handler                            0x08000451   Thumb Code    38  startup_stm32f030.o(.text)
    NMI_Handler                              0x08000477   Thumb Code     2  startup_stm32f030.o(.text)
    HardFault_Handler                        0x08000479   Thumb Code     2  startup_stm32f030.o(.text)
    ADC1_IRQHandler                          0x08000481   Thumb Code     0  startup_stm32f030.o(.text)
    DMA1_Channel1_IRQHandler                 0x08000481   Thumb Code     0  startup_stm32f030.o(.text)
    DMA1_Channel2_3_IRQHandler               0x08000481   Thumb Code     0  startup_stm32f030.o(.text)
    DMA1_Channel4_5_IRQHandler               0x08000481   Thumb Code     0  startup_stm32f030.o(.text)
    EXTI0_1_IRQHandler                       0x08000481   Thumb Code     0  startup_stm32f030.o(.text)
    EXTI2_3_IRQHandler                       0x08000481   Thumb Code     0  startup_stm32f030.o(.text)
    EXTI4_15_IRQHandler                      0x08000481   Thumb Code     0  startup_stm32f030.o(.text)
    FLASH_IRQHandler                         0x08000481   Thumb Code     0  startup_stm32f030.o(.text)
    I2C1_IRQHandler                          0x08000481   Thumb Code     0  startup_stm32f030.o(.text)
    I2C2_IRQHandler                          0x08000481   Thumb Code     0  startup_stm32f030.o(.text)
    RCC_IRQHandler                           0x08000481   Thumb Code     0  startup_stm32f030.o(.text)
    RTC_IRQHandler                           0x08000481   Thumb Code     0  startup_stm32f030.o(.text)
    SPI1_IRQHandler                          0x08000481   Thumb Code     0  startup_stm32f030.o(.text)
    SPI2_IRQHandler                          0x08000481   Thumb Code     0  startup_stm32f030.o(.text)
    TIM14_IRQHandler                         0x08000481   Thumb Code     0  startup_stm32f030.o(.text)
    TIM15_IRQHandler                         0x08000481   Thumb Code     0  startup_stm32f030.o(.text)
    TIM16_IRQHandler                         0x08000481   Thumb Code     0  startup_stm32f030.o(.text)
    TIM17_IRQHandler                         0x08000481   Thumb Code     0  startup_stm32f030.o(.text)
    TIM1_BRK_UP_TRG_COM_IRQHandler           0x08000481   Thumb Code     0  startup_stm32f030.o(.text)
    TIM1_CC_IRQHandler                       0x08000481   Thumb Code     0  startup_stm32f030.o(.text)
    TIM3_IRQHandler                          0x08000481   Thumb Code     0  startup_stm32f030.o(.text)
    USART1_IRQHandler                        0x08000481   Thumb Code     0  startup_stm32f030.o(.text)
    USART2_IRQHandler                        0x08000481   Thumb Code     0  startup_stm32f030.o(.text)
    WWDG_IRQHandler                          0x08000481   Thumb Code     0  startup_stm32f030.o(.text)
    SystemInit                               0x080004a9   Thumb Code    84  system_stm32f0xx.o(.text)
    SystemCoreClockUpdate                    0x080004fd   Thumb Code    90  system_stm32f0xx.o(.text)
    __aeabi_uidiv                            0x08000601   Thumb Code     0  uidiv.o(.text)
    __aeabi_uidivmod                         0x08000601   Thumb Code    44  uidiv.o(.text)
    __scatterload                            0x0800062d   Thumb Code    28  init.o(.text)
    __scatterload_rt2                        0x0800062d   Thumb Code     0  init.o(.text)
    SVC_Count                                0x08000650   Data           4  svc_table.o(SVC_TABLE)
    SVC_Table                                0x08000654   Data           0  svc_table.o(SVC_TABLE)
    __scatterload_copy                       0x08000655   Thumb Code    14  handlers.o(i.__scatterload_copy)
    __scatterload_null                       0x08000663   Thumb Code     2  handlers.o(i.__scatterload_null)
    __scatterload_zeroinit                   0x08000665   Thumb Code    14  handlers.o(i.__scatterload_zeroinit)
    _init_box                                0x08000673   Thumb Code    72  rt_membox.o(i._init_box)
    isrMessageGet                            0x080006bb   Thumb Code    46  rt_cmsis.o(i.isrMessageGet)
    isrMessagePut                            0x080006e9   Thumb Code    48  rt_cmsis.o(i.isrMessagePut)
    isr_mbx_receive                          0x08000719   Thumb Code    70  rt_mailbox.o(i.isr_mbx_receive)
    isr_mbx_send                             0x0800075f   Thumb Code    12  rt_mailbox.o(i.isr_mbx_send)
    osDelay                                  0x0800076d   Thumb Code    22  rt_cmsis.o(i.osDelay)
    osKernelInitialize                       0x08000789   Thumb Code    36  rt_cmsis.o(i.osKernelInitialize)
    osKernelStart                            0x080007b1   Thumb Code   100  rt_cmsis.o(i.osKernelStart)
    osMessageGet                             0x0800081d   Thumb Code    24  rt_cmsis.o(i.osMessageGet)
    osThreadCreate                           0x08000839   Thumb Code    44  rt_cmsis.o(i.osThreadCreate)
    osThreadExit                             0x0800086d   Thumb Code    14  rt_cmsis.o(i.osThreadExit)
    osThreadGetId                            0x08000885   Thumb Code    22  rt_cmsis.o(i.osThreadGetId)
    osThreadTerminate                        0x080008a1   Thumb Code    22  rt_cmsis.o(i.osThreadTerminate)
    osTimerCall                              0x080008bd   Thumb Code    10  rt_cmsis.o(i.osTimerCall)
    osTimerThread                            0x080008cd   Thumb Code    38  rt_cmsis.o(i.osTimerThread)
    os_tick_init                             0x080008f9   Thumb Code    32  rt_system.o(i.os_tick_init)
    os_tick_irqack                           0x08000925   Thumb Code     2  rt_system.o(i.os_tick_irqack)
    rt_alloc_box                             0x08000927   Thumb Code    30  rt_membox.o(i.rt_alloc_box)
    rt_alloc_mem                             0x08000945   Thumb Code    66  rt_memory.o(i.rt_alloc_mem)
    rt_block                                 0x08000989   Thumb Code    42  rt_task.o(i.rt_block)
    rt_chk_robin                             0x080009c1   Thumb Code    56  rt_robin.o(i.rt_chk_robin)
    rt_dec_dly                               0x08000a05   Thumb Code   108  rt_list.o(i.rt_dec_dly)
    rt_dispatch                              0x08000a79   Thumb Code    56  rt_task.o(i.rt_dispatch)
    rt_dly_wait                              0x08000ab9   Thumb Code    10  rt_time.o(i.rt_dly_wait)
    rt_evt_psh                               0x08000ac5   Thumb Code    74  rt_event.o(i.rt_evt_psh)
    rt_free_box                              0x08000b15   Thumb Code    38  rt_membox.o(i.rt_free_box)
    rt_free_mem                              0x08000b3b   Thumb Code    48  rt_memory.o(i.rt_free_mem)
    rt_get_first                             0x08000b6b   Thumb Code    42  rt_list.o(i.rt_get_first)
    rt_init_mem                              0x08000be5   Thumb Code    28  rt_memory.o(i.rt_init_mem)
    rt_init_robin                            0x08000c01   Thumb Code    14  rt_robin.o(i.rt_init_robin)
    rt_init_stack                            0x08000c19   Thumb Code   106  hal_cm.o(i.rt_init_stack)
    rt_mbx_check                             0x08000c91   Thumb Code     8  rt_mailbox.o(i.rt_mbx_check)
    rt_mbx_init                              0x08000c99   Thumb Code    30  rt_mailbox.o(i.rt_mbx_init)
    rt_mbx_psh                               0x08000cbd   Thumb Code   204  rt_mailbox.o(i.rt_mbx_psh)
    rt_mbx_wait                              0x08000d8d   Thumb Code   170  rt_mailbox.o(i.rt_mbx_wait)
    rt_pop_req                               0x08000e85   Thumb Code   100  rt_system.o(i.rt_pop_req)
    rt_psh_req                               0x08000ef5   Thumb Code    24  rt_system.o(i.rt_psh_req)
    rt_psq_enq                               0x08000f15   Thumb Code    60  rt_list.o(i.rt_psq_enq)
    rt_put_dly                               0x08000f55   Thumb Code    74  rt_list.o(i.rt_put_dly)
    rt_put_prio                              0x08000fa5   Thumb Code    60  rt_list.o(i.rt_put_prio)
    rt_put_rdy_first                         0x08000fe1   Thumb Code    14  rt_list.o(i.rt_put_rdy_first)
    rt_resort_prio                           0x08000ff5   Thumb Code    44  rt_list.o(i.rt_resort_prio)
    rt_ret_val                               0x08001025   Thumb Code     6  hal_cm.o(i.rt_ret_val)
    rt_ret_val2                              0x0800102b   Thumb Code     8  hal_cm.o(i.rt_ret_val2)
    rt_rmv_dly                               0x08001033   Thumb Code    42  rt_list.o(i.rt_rmv_dly)
    rt_rmv_list                              0x0800105d   Thumb Code    46  rt_list.o(i.rt_rmv_list)
    rt_sem_psh                               0x08001091   Thumb Code    48  rt_semaphore.o(i.rt_sem_psh)
    rt_stk_check                             0x080010c5   Thumb Code    30  rt_system.o(i.rt_stk_check)
    rt_switch_req                            0x080010ed   Thumb Code    10  rt_task.o(i.rt_switch_req)
    rt_sys_init                              0x080010fd   Thumb Code   134  rt_task.o(i.rt_sys_init)
    rt_sys_start                             0x080011c5   Thumb Code    82  rt_task.o(i.rt_sys_start)
    rt_systick                               0x08001229   Thumb Code    48  rt_system.o(i.rt_systick)
    rt_tsk_create                            0x080012b1   Thumb Code   106  rt_task.o(i.rt_tsk_create)
    rt_tsk_delete                            0x08001329   Thumb Code   290  rt_task.o(i.rt_tsk_delete)
    rt_tsk_prio                              0x08001465   Thumb Code   112  rt_task.o(i.rt_tsk_prio)
    rt_tsk_self                              0x080014e5   Thumb Code    12  rt_task.o(i.rt_tsk_self)
    svcDelay                                 0x080014f5   Thumb Code    18  rt_cmsis.o(i.svcDelay)
    svcKernelInitialize                      0x08001509   Thumb Code    86  rt_cmsis.o(i.svcKernelInitialize)
    svcKernelStart                           0x08001581   Thumb Code    66  rt_cmsis.o(i.svcKernelStart)
    svcMessageCreate                         0x080015cd   Thumb Code    42  rt_cmsis.o(i.svcMessageCreate)
    svcMessageGet                            0x080015f7   Thumb Code    60  rt_cmsis.o(i.svcMessageGet)
    svcThreadCreate                          0x08001635   Thumb Code   106  rt_cmsis.o(i.svcThreadCreate)
    svcThreadGetId                           0x080016ad   Thumb Code    22  rt_cmsis.o(i.svcThreadGetId)
    svcThreadTerminate                       0x080016c9   Thumb Code    56  rt_cmsis.o(i.svcThreadTerminate)
    svcTimerCall                             0x08001705   Thumb Code    28  rt_cmsis.o(i.svcTimerCall)
    sysTimerTick                             0x08001721   Thumb Code    78  rt_cmsis.o(i.sysTimerTick)
    os_thread_def_blinkLED                   0x08001778   Data          16  rtx_blinky.o(.constdata)
    led_mask                                 0x08001788   Data           8  led_stm32f030-discovery.o(.constdata)
    os_maxtaskrun                            0x08001790   Data           2  rtx_conf_cm.o(.constdata)
    os_stackinfo                             0x08001794   Data           4  rtx_conf_cm.o(.constdata)
    os_rrobin                                0x08001798   Data           4  rtx_conf_cm.o(.constdata)
    os_trv                                   0x0800179c   Data           4  rtx_conf_cm.o(.constdata)
    os_flags                                 0x080017a0   Data           1  rtx_conf_cm.o(.constdata)
    CMSIS_RTOS_API_Version                   0x080017a4   Data           4  rtx_conf_cm.o(.constdata)
    CMSIS_RTOS_RTX_Version                   0x080017a8   Data           4  rtx_conf_cm.o(.constdata)
    os_clockrate                             0x080017ac   Data           4  rtx_conf_cm.o(.constdata)
    os_timernum                              0x080017b0   Data           4  rtx_conf_cm.o(.constdata)
    mp_tcb_size                              0x080017b4   Data           2  rtx_conf_cm.o(.constdata)
    mp_stk_size                              0x080017b8   Data           4  rtx_conf_cm.o(.constdata)
    os_stack_sz                              0x080017bc   Data           4  rtx_conf_cm.o(.constdata)
    os_fifo_size                             0x080017c0   Data           1  rtx_conf_cm.o(.constdata)
    os_thread_def_osTimerThread              0x080017c4   Data          16  rtx_conf_cm.o(.constdata)
    os_messageQ_def_osTimerMessageQ          0x080017d4   Data           8  rtx_conf_cm.o(.constdata)
    mp_tmr_size                              0x080017dc   Data           2  rtx_conf_cm.o(.constdata)
    Region$$Table$$Base                      0x080017e0   Number         0  anon$$obj.o(Region$$Table)
    Region$$Table$$Limit                     0x08001800   Number         0  anon$$obj.o(Region$$Table)
    tid_blinkLED                             0x20000000   Data           4  rtx_blinky.o(.data)
    m_tmr                                    0x20000004   Data           4  rtx_conf_cm.o(.data)
    os_thread_def_main                       0x20000008   Data          16  rtx_conf_cm.o(.data)
    osThreadId_osTimerThread                 0x20000018   Data           4  rtx_conf_cm.o(.data)
    osMessageQId_osTimerMessageQ             0x2000001c   Data           4  rtx_conf_cm.o(.data)
    SystemCoreClock                          0x20000020   Data           4  system_stm32f0xx.o(.data)
    AHBPrescTable                            0x20000024   Data          16  system_stm32f0xx.o(.data)
    os_initialized                           0x20000034   Data           1  rt_cmsis.o(.data)
    os_running                               0x20000035   Data           1  rt_cmsis.o(.data)
    os_timer_head                            0x20000038   Data           4  rt_cmsis.o(.data)
    os_tsk                                   0x2000003c   Data           8  rt_task.o(.data)
    os_tick_irqn                             0x20000048   Data           4  rt_system.o(.data)
    os_time                                  0x2000004c   Data           4  rt_time.o(.data)
    os_robin                                 0x20000050   Data           8  rt_robin.o(.data)
    os_messageQ_q_osTimerMessageQ            0x20000058   Data          32  rtx_conf_cm.o(.bss)
    mp_tcb                                   0x20000078   Data         168  rtx_conf_cm.o(.bss)
    mp_stk                                   0x20000120   Data         416  rtx_conf_cm.o(.bss)
    os_stack_mem                             0x200002c0   Data         432  rtx_conf_cm.o(.bss)
    os_fifo                                  0x20000470   Data         132  rtx_conf_cm.o(.bss)
    os_active_TCB                            0x200004f4   Data          12  rtx_conf_cm.o(.bss)
    os_idle_TCB                              0x20000500   Data          52  rt_task.o(.bss)
    os_rdy                                   0x20000534   Data          24  rt_list.o(.bss)
    os_dly                                   0x2000054c   Data          24  rt_list.o(.bss)
    __initial_sp                             0x20000968   Data           0  startup_stm32f030.o(STACK)



==============================================================================

Memory Map of the image

  Image Entry point : 0x080000b5

  Load Region LR_IROM1 (Base: 0x08000000, Size: 0x00001858, Max: 0x00010000, ABSOLUTE)

    Execution Region ER_IROM1 (Base: 0x08000000, Size: 0x00001800, Max: 0x00010000, ABSOLUTE)

    Base Addr    Size         Type   Attr      Idx    E Section Name        Object

    0x08000000   0x000000b4   Data   RO          162    RESET               startup_stm32f030.o
    0x080000b4   0x00000000   Code   RO         1378  * .ARM.Collect$$$$00000000  mc_p.l(entry.o)
    0x080000b4   0x00000004   Code   RO         1385    .ARM.Collect$$$$00000001  mc_p.l(entry2.o)
    0x080000b8   0x00000004   Code   RO         1388    .ARM.Collect$$$$00000004  mc_p.l(entry5.o)
    0x080000bc   0x00000000   Code   RO         1390    .ARM.Collect$$$$00000008  mc_p.l(entry7b.o)
    0x080000bc   0x00000000   Code   RO         1392    .ARM.Collect$$$$0000000A  mc_p.l(entry8b.o)
    0x080000bc   0x00000000   Code   RO         1393    .ARM.Collect$$$$0000000D  mc_p.l(entry10a.o)
    0x080000bc   0x00000000   Code   RO         1395    .ARM.Collect$$$$0000000F  mc_p.l(entry11a.o)
    0x080000bc   0x00000018   Code   RO          107    .ARM.Collect$$$$000000FF  rtx_conf_cm.o
    0x080000d4   0x00000004   Code   RO         1386    .ARM.Collect$$$$00002712  mc_p.l(entry2.o)
    0x080000d8   0x00000164   Code   RO         1365    .emb_text           RTX_CM0.lib(hal_cm0.o)
    0x0800023c   0x00000108   Code   RO            3    .text               rtx_blinky.o
    0x08000344   0x00000054   Code   RO           65    .text               buttons_stm32f030-discovery.o
    0x08000398   0x000000b4   Code   RO           85    .text               led_stm32f030-discovery.o
    0x0800044c   0x00000004   Code   RO          108    .text               rtx_conf_cm.o
    0x08000450   0x00000058   Code   RO          163    .text               startup_stm32f030.o
    0x080004a8   0x00000158   Code   RO          169    .text               system_stm32f0xx.o
    0x08000600   0x0000002c   Code   RO         1381    .text               mc_p.l(uidiv.o)
    0x0800062c   0x00000024   Code   RO         1401    .text               mc_p.l(init.o)
    0x08000650   0x00000004   Code   RO         1375    SVC_TABLE           RTX_CM0.lib(svc_table.o)
    0x08000654   0x0000000e   Code   RO         1405    i.__scatterload_copy  mc_p.l(handlers.o)
    0x08000662   0x00000002   Code   RO         1406    i.__scatterload_null  mc_p.l(handlers.o)
    0x08000664   0x0000000e   Code   RO         1407    i.__scatterload_zeroinit  mc_p.l(handlers.o)
    0x08000672   0x00000048   Code   RO         1267    i._init_box         RTX_CM0.lib(rt_membox.o)
    0x080006ba   0x0000002e   Code   RO          195    i.isrMessageGet     RTX_CM0.lib(rt_cmsis.o)
    0x080006e8   0x00000030   Code   RO          196    i.isrMessagePut     RTX_CM0.lib(rt_cmsis.o)
    0x08000718   0x00000046   Code   RO         1113    i.isr_mbx_receive   RTX_CM0.lib(rt_mailbox.o)
    0x0800075e   0x0000000c   Code   RO         1114    i.isr_mbx_send      RTX_CM0.lib(rt_mailbox.o)
    0x0800076a   0x00000002   PAD
    0x0800076c   0x0000001c   Code   RO          199    i.osDelay           RTX_CM0.lib(rt_cmsis.o)
    0x08000788   0x00000028   Code   RO          200    i.osKernelInitialize  RTX_CM0.lib(rt_cmsis.o)
    0x080007b0   0x0000006c   Code   RO          202    i.osKernelStart     RTX_CM0.lib(rt_cmsis.o)
    0x0800081c   0x0000001c   Code   RO          211    i.osMessageGet      RTX_CM0.lib(rt_cmsis.o)
    0x08000838   0x00000034   Code   RO          228    i.osThreadCreate    RTX_CM0.lib(rt_cmsis.o)
    0x0800086c   0x00000018   Code   RO          229    i.osThreadExit      RTX_CM0.lib(rt_cmsis.o)
    0x08000884   0x0000001c   Code   RO          230    i.osThreadGetId     RTX_CM0.lib(rt_cmsis.o)
    0x080008a0   0x0000001c   Code   RO          233    i.osThreadTerminate  RTX_CM0.lib(rt_cmsis.o)
    0x080008bc   0x00000010   Code   RO          235    i.osTimerCall       RTX_CM0.lib(rt_cmsis.o)
    0x080008cc   0x0000002c   Code   RO          240    i.osTimerThread     RTX_CM0.lib(rt_cmsis.o)
    0x080008f8   0x0000002c   Code   RO          901    i.os_tick_init      RTX_CM0.lib(rt_system.o)
    0x08000924   0x00000002   Code   RO          902    i.os_tick_irqack    RTX_CM0.lib(rt_system.o)
    0x08000926   0x0000001e   Code   RO         1268    i.rt_alloc_box      RTX_CM0.lib(rt_membox.o)
    0x08000944   0x00000042   Code   RO         1296    i.rt_alloc_mem      RTX_CM0.lib(rt_memory.o)
    0x08000986   0x00000002   PAD
    0x08000988   0x00000038   Code   RO          816    i.rt_block          RTX_CM0.lib(rt_task.o)
    0x080009c0   0x00000044   Code   RO         1344    i.rt_chk_robin      RTX_CM0.lib(rt_robin.o)
    0x08000a04   0x00000074   Code   RO         1037    i.rt_dec_dly        RTX_CM0.lib(rt_list.o)
    0x08000a78   0x00000040   Code   RO          817    i.rt_dispatch       RTX_CM0.lib(rt_task.o)
    0x08000ab8   0x0000000a   Code   RO         1203    i.rt_dly_wait       RTX_CM0.lib(rt_time.o)
    0x08000ac2   0x00000002   PAD
    0x08000ac4   0x00000050   Code   RO          994    i.rt_evt_psh        RTX_CM0.lib(rt_event.o)
    0x08000b14   0x00000026   Code   RO         1269    i.rt_free_box       RTX_CM0.lib(rt_membox.o)
    0x08000b3a   0x00000030   Code   RO         1297    i.rt_free_mem       RTX_CM0.lib(rt_memory.o)
    0x08000b6a   0x0000002a   Code   RO         1038    i.rt_get_first      RTX_CM0.lib(rt_list.o)
    0x08000b94   0x00000008   Code   RO          245    i.rt_id2obj         RTX_CM0.lib(rt_cmsis.o)
    0x08000b9c   0x00000048   Code   RO          818    i.rt_init_context   RTX_CM0.lib(rt_task.o)
    0x08000be4   0x0000001c   Code   RO         1298    i.rt_init_mem       RTX_CM0.lib(rt_memory.o)
    0x08000c00   0x00000018   Code   RO         1345    i.rt_init_robin     RTX_CM0.lib(rt_robin.o)
    0x08000c18   0x00000078   Code   RO         1320    i.rt_init_stack     RTX_CM0.lib(hal_cm.o)
    0x08000c90   0x00000008   Code   RO         1115    i.rt_mbx_check      RTX_CM0.lib(rt_mailbox.o)
    0x08000c98   0x00000024   Code   RO         1116    i.rt_mbx_init       RTX_CM0.lib(rt_mailbox.o)
    0x08000cbc   0x000000d0   Code   RO         1117    i.rt_mbx_psh        RTX_CM0.lib(rt_mailbox.o)
    0x08000d8c   0x000000b0   Code   RO         1119    i.rt_mbx_wait       RTX_CM0.lib(rt_mailbox.o)
    0x08000e3c   0x00000048   Code   RO          246    i.rt_ms2tick        RTX_CM0.lib(rt_cmsis.o)
    0x08000e84   0x00000070   Code   RO          905    i.rt_pop_req        RTX_CM0.lib(rt_system.o)
    0x08000ef4   0x00000020   Code   RO          906    i.rt_psh_req        RTX_CM0.lib(rt_system.o)
    0x08000f14   0x00000040   Code   RO         1040    i.rt_psq_enq        RTX_CM0.lib(rt_list.o)
    0x08000f54   0x00000050   Code   RO         1041    i.rt_put_dly        RTX_CM0.lib(rt_list.o)
    0x08000fa4   0x0000003c   Code   RO         1042    i.rt_put_prio       RTX_CM0.lib(rt_list.o)
    0x08000fe0   0x00000014   Code   RO         1043    i.rt_put_rdy_first  RTX_CM0.lib(rt_list.o)
    0x08000ff4   0x00000030   Code   RO         1044    i.rt_resort_prio    RTX_CM0.lib(rt_list.o)
    0x08001024   0x00000006   Code   RO         1321    i.rt_ret_val        RTX_CM0.lib(hal_cm.o)
    0x0800102a   0x00000008   Code   RO         1322    i.rt_ret_val2       RTX_CM0.lib(hal_cm.o)
    0x08001032   0x0000002a   Code   RO         1045    i.rt_rmv_dly        RTX_CM0.lib(rt_list.o)
    0x0800105c   0x00000034   Code   RO         1046    i.rt_rmv_list       RTX_CM0.lib(rt_list.o)
    0x08001090   0x00000034   Code   RO         1164    i.rt_sem_psh        RTX_CM0.lib(rt_semaphore.o)
    0x080010c4   0x00000028   Code   RO          908    i.rt_stk_check      RTX_CM0.lib(rt_system.o)
    0x080010ec   0x00000010   Code   RO          819    i.rt_switch_req     RTX_CM0.lib(rt_task.o)
    0x080010fc   0x000000c8   Code   RO          820    i.rt_sys_init       RTX_CM0.lib(rt_task.o)
    0x080011c4   0x00000064   Code   RO          821    i.rt_sys_start      RTX_CM0.lib(rt_task.o)
    0x08001228   0x0000003c   Code   RO          910    i.rt_systick        RTX_CM0.lib(rt_system.o)
    0x08001264   0x00000012   Code   RO          247    i.rt_tid2ptcb       RTX_CM0.lib(rt_cmsis.o)
    0x08001276   0x00000002   PAD
    0x08001278   0x00000038   Code   RO          248    i.rt_timer_insert   RTX_CM0.lib(rt_cmsis.o)
    0x080012b0   0x00000078   Code   RO          822    i.rt_tsk_create     RTX_CM0.lib(rt_task.o)
    0x08001328   0x0000013c   Code   RO          823    i.rt_tsk_delete     RTX_CM0.lib(rt_task.o)
    0x08001464   0x00000080   Code   RO          825    i.rt_tsk_prio       RTX_CM0.lib(rt_task.o)
    0x080014e4   0x00000010   Code   RO          826    i.rt_tsk_self       RTX_CM0.lib(rt_task.o)
    0x080014f4   0x00000012   Code   RO          250    i.svcDelay          RTX_CM0.lib(rt_cmsis.o)
    0x08001506   0x00000002   PAD
    0x08001508   0x00000078   Code   RO          251    i.svcKernelInitialize  RTX_CM0.lib(rt_cmsis.o)
    0x08001580   0x0000004c   Code   RO          253    i.svcKernelStart    RTX_CM0.lib(rt_cmsis.o)
    0x080015cc   0x0000002a   Code   RO          256    i.svcMessageCreate  RTX_CM0.lib(rt_cmsis.o)
    0x080015f6   0x0000003c   Code   RO          257    i.svcMessageGet     RTX_CM0.lib(rt_cmsis.o)
    0x08001632   0x00000002   PAD
    0x08001634   0x00000078   Code   RO          271    i.svcThreadCreate   RTX_CM0.lib(rt_cmsis.o)
    0x080016ac   0x0000001c   Code   RO          272    i.svcThreadGetId    RTX_CM0.lib(rt_cmsis.o)
    0x080016c8   0x0000003c   Code   RO          275    i.svcThreadTerminate  RTX_CM0.lib(rt_cmsis.o)
    0x08001704   0x0000001c   Code   RO          277    i.svcTimerCall      RTX_CM0.lib(rt_cmsis.o)
    0x08001720   0x00000058   Code   RO          286    i.sysTimerTick      RTX_CM0.lib(rt_cmsis.o)
    0x08001778   0x00000010   Data   RO            4    .constdata          rtx_blinky.o
    0x08001788   0x00000008   Data   RO           86    .constdata          led_stm32f030-discovery.o
    0x08001790   0x00000002   Data   RO          115    .constdata          rtx_conf_cm.o
    0x08001792   0x00000002   PAD
    0x08001794   0x00000004   Data   RO          116    .constdata          rtx_conf_cm.o
    0x08001798   0x00000004   Data   RO          117    .constdata          rtx_conf_cm.o
    0x0800179c   0x00000004   Data   RO          121    .constdata          rtx_conf_cm.o
    0x080017a0   0x00000001   Data   RO          122    .constdata          rtx_conf_cm.o
    0x080017a1   0x00000003   PAD
    0x080017a4   0x00000010   Data   RO          123    .constdata          rtx_conf_cm.o
    0x080017b4   0x00000002   Data   RO          124    .constdata          rtx_conf_cm.o
    0x080017b6   0x00000002   PAD
    0x080017b8   0x00000004   Data   RO          125    .constdata          rtx_conf_cm.o
    0x080017bc   0x00000004   Data   RO          126    .constdata          rtx_conf_cm.o
    0x080017c0   0x00000001   Data   RO          127    .constdata          rtx_conf_cm.o
    0x080017c1   0x00000003   PAD
    0x080017c4   0x00000010   Data   RO          128    .constdata          rtx_conf_cm.o
    0x080017d4   0x00000008   Data   RO          129    .constdata          rtx_conf_cm.o
    0x080017dc   0x00000002   Data   RO          130    .constdata          rtx_conf_cm.o
    0x080017de   0x00000002   PAD
    0x080017e0   0x00000020   Data   RO         1403    Region$$Table       anon$$obj.o


    Execution Region RW_IRAM1 (Base: 0x20000000, Size: 0x00000968, Max: 0x00002000, ABSOLUTE)

    Base Addr    Size         Type   Attr      Idx    E Section Name        Object

    0x20000000   0x00000004   Data   RW            5    .data               rtx_blinky.o
    0x20000004   0x00000004   Data   RW          132    .data               rtx_conf_cm.o
    0x20000008   0x00000010   Data   RW          133    .data               rtx_conf_cm.o
    0x20000018   0x00000004   Data   RW          134    .data               rtx_conf_cm.o
    0x2000001c   0x00000004   Data   RW          135    .data               rtx_conf_cm.o
    0x20000020   0x00000014   Data   RW          170    .data               system_stm32f0xx.o
    0x20000034   0x00000008   Data   RW          289    .data               RTX_CM0.lib(rt_cmsis.o)
    0x2000003c   0x00000008   Data   RW          828    .data               RTX_CM0.lib(rt_task.o)
    0x20000044   0x00000008   Data   RW          913    .data               RTX_CM0.lib(rt_system.o)
    0x2000004c   0x00000004   Data   RW         1207    .data               RTX_CM0.lib(rt_time.o)
    0x20000050   0x00000008   Data   RW         1346    .data               RTX_CM0.lib(rt_robin.o)
    0x20000058   0x00000020   Zero   RW          109    .bss                rtx_conf_cm.o
    0x20000078   0x000000a8   Zero   RW          110    .bss                rtx_conf_cm.o
    0x20000120   0x000001a0   Zero   RW          111    .bss                rtx_conf_cm.o
    0x200002c0   0x000001b0   Zero   RW          112    .bss                rtx_conf_cm.o
    0x20000470   0x00000084   Zero   RW          113    .bss                rtx_conf_cm.o
    0x200004f4   0x0000000c   Zero   RW          114    .bss                rtx_conf_cm.o
    0x20000500   0x00000034   Zero   RW          827    .bss                RTX_CM0.lib(rt_task.o)
    0x20000534   0x00000030   Zero   RW         1047    .bss                RTX_CM0.lib(rt_list.o)
    0x20000564   0x00000004   PAD
    0x20000568   0x00000400   Zero   RW          160    STACK               startup_stm32f030.o


==============================================================================

Image component sizes


      Code (inc. data)   RO Data    RW Data    ZI Data      Debug   Object Name

        84          4          0          0          0       1108   buttons_stm32f030-discovery.o
       180         14          8          0          0       2334   led_stm32f030-discovery.o
       264         16         16          4          0      10329   rtx_blinky.o
        28          6         68         28       1192       7262   rtx_conf_cm.o
        88         38        180          0       1024        672   startup_stm32f030.o
       344         28          0         20          0       1875   system_stm32f0xx.o

    ----------------------------------------------------------------------
       988        106        316         52       2216      23580   Object Totals
         0          0         32          0          0          0   (incl. Generated)
         0          0         12          0          0          0   (incl. Padding)

    ----------------------------------------------------------------------

      Code (inc. data)   RO Data    RW Data    ZI Data      Debug   Library Member Name

       134         14          0          0          0       1635   hal_cm.o
       356         40          0          0          0        820   hal_cm0.o
      1284        160          0          8          0      32054   rt_cmsis.o
        80          6          0          0          0        609   rt_event.o
       524         34          0          0         48       7893   rt_list.o
       510         16          0          0          0       3721   rt_mailbox.o
       140          0          0          0          0       1901   rt_membox.o
       142          0          0          0          0       2247   rt_memory.o
        92         22          0          8          0       1074   rt_robin.o
        52          4          0          0          0        537   rt_semaphore.o
       290         54          0          8          0       5883   rt_system.o
      1088        178          0          8         52       8997   rt_task.o
        10          0          0          4          0        640   rt_time.o
         4          4          0          0          0        188   svc_table.o
         0          0          0          0          0          0   entry.o
         0          0          0          0          0          0   entry10a.o
         0          0          0          0          0          0   entry11a.o
         8          4          0          0          0          0   entry2.o
         4          0          0          0          0          0   entry5.o
         0          0          0          0          0          0   entry7b.o
         0          0          0          0          0          0   entry8b.o
        30          0          0          0          0          0   handlers.o
        36          8          0          0          0         68   init.o
        44          0          0          0          0         72   uidiv.o

    ----------------------------------------------------------------------
      4840        544          0         36        104      68339   Library Totals
        12          0          0          0          4          0   (incl. Padding)

    ----------------------------------------------------------------------

      Code (inc. data)   RO Data    RW Data    ZI Data      Debug   Library Name

      4706        532          0         36        100      68199   RTX_CM0.lib
       122         12          0          0          0        140   mc_p.l

    ----------------------------------------------------------------------
      4840        544          0         36        104      68339   Library Totals

    ----------------------------------------------------------------------

==============================================================================


      Code (inc. data)   RO Data    RW Data    ZI Data      Debug   

      5828        650        316         88       2320      88631   Grand Totals
      5828        650        316         88       2320      88631   ELF Image Totals
      5828        650        316         88          0          0   ROM Totals

==============================================================================

    Total RO  Size (Code + RO Data)                 6144 (   6.00kB)
    Total RW  Size (RW Data + ZI Data)              2408 (   2.35kB)
    Total ROM Size (Code + RO Data + RW Data)       6232 (   6.09kB)

==============================================================================

